Archive member included to satisfy reference by file (symbol)

../Middlewares/ST/AI/Lib\NetworkRuntime900_CM4_GCC.a(ai_platform.o)
                              ./X-CUBE-AI/App/network.o (ai_buffer_array_item_set_address)
../Middlewares/ST/AI/Lib\NetworkRuntime900_CM4_GCC.a(ai_platform_interface.o)
                              ./X-CUBE-AI/App/network.o (ai_platform_get_weights_map)
../Middlewares/ST/AI/Lib\NetworkRuntime900_CM4_GCC.a(core_common.o)
                              ../Middlewares/ST/AI/Lib\NetworkRuntime900_CM4_GCC.a(ai_platform_interface.o) (core_init)
../Middlewares/ST/AI/Lib\NetworkRuntime900_CM4_GCC.a(core_mem_manager.o)
                              ../Middlewares/ST/AI/Lib\NetworkRuntime900_CM4_GCC.a(ai_platform_interface.o) (core_mem_alloc)
../Middlewares/ST/AI/Lib\NetworkRuntime900_CM4_GCC.a(layers.o)
                              ../Middlewares/ST/AI/Lib\NetworkRuntime900_CM4_GCC.a(ai_platform_interface.o) (ai_check_custom_types)
../Middlewares/ST/AI/Lib\NetworkRuntime900_CM4_GCC.a(layers_conv2d_generic_float.o)
                              ./X-CUBE-AI/App/network.o (forward_dense)
../Middlewares/ST/AI/Lib\NetworkRuntime900_CM4_GCC.a(layers_nl_generic_float.o)
                              ./X-CUBE-AI/App/network.o (forward_elu)
../Middlewares/ST/AI/Lib\NetworkRuntime900_CM4_GCC.a(layers_conv2d_integer_scratch.o)
                              ../Middlewares/ST/AI/Lib\NetworkRuntime900_CM4_GCC.a(layers.o) (get_conv2d_scratch_size)
../Middlewares/ST/AI/Lib\NetworkRuntime900_CM4_GCC.a(forward_lite_conv2d_if32of32wf32.o)
                              ../Middlewares/ST/AI/Lib\NetworkRuntime900_CM4_GCC.a(layers_conv2d_generic_float.o) (forward_lite_conv2d_if32of32wf32)
../Middlewares/ST/AI/Lib\NetworkRuntime900_CM4_GCC.a(lite_nl_softmax_if32of32.o)
                              ../Middlewares/ST/AI/Lib\NetworkRuntime900_CM4_GCC.a(layers_nl_generic_float.o) (forward_lite_nl_softmax_if32of32_kernel)
../Middlewares/ST/AI/Lib\NetworkRuntime900_CM4_GCC.a(lite_nl_relu_if32of32.o)
                              ../Middlewares/ST/AI/Lib\NetworkRuntime900_CM4_GCC.a(layers_nl_generic_float.o) (forward_lite_nl_prelu_if32of32_kernel)
../Middlewares/ST/AI/Lib\NetworkRuntime900_CM4_GCC.a(lite_dense_if32.o)
                              ../Middlewares/ST/AI/Lib\NetworkRuntime900_CM4_GCC.a(layers_conv2d_generic_float.o) (forward_lite_dense_if32of32wf32)
../Middlewares/ST/AI/Lib\NetworkRuntime900_CM4_GCC.a(st_int8_fill.o)
                              ../Middlewares/ST/AI/Lib\NetworkRuntime900_CM4_GCC.a(layers_nl_generic_float.o) (st_int8_fill)
../Middlewares/ST/AI/Lib\NetworkRuntime900_CM4_GCC.a(ai_math_helpers.o)
                              ../Middlewares/ST/AI/Lib\NetworkRuntime900_CM4_GCC.a(layers_nl_generic_float.o) (ai_math_sqrt)
../Middlewares/ST/AI/Lib\NetworkRuntime900_CM4_GCC.a(ai_datatypes_format.o)
                              ../Middlewares/ST/AI/Lib\NetworkRuntime900_CM4_GCC.a(ai_platform_interface.o) (ai_array_to_buffer_fmt)
../Middlewares/ST/AI/Lib\NetworkRuntime900_CM4_GCC.a(ai_datatypes_internal.o)
                              ../Middlewares/ST/AI/Lib\NetworkRuntime900_CM4_GCC.a(ai_platform_interface.o) (ai_version_get)
../Middlewares/ST/AI/Lib\NetworkRuntime900_CM4_GCC.a(ai_math_elementwise_mul_int8.o)
                              ../Middlewares/ST/AI/Lib\NetworkRuntime900_CM4_GCC.a(ai_math_helpers.o) (ai_math_elementwise_mul_int8)
../Middlewares/ST/AI/Lib\NetworkRuntime900_CM4_GCC.a(ai_math_elementwise_sum_int8.o)
                              ../Middlewares/ST/AI/Lib\NetworkRuntime900_CM4_GCC.a(ai_math_helpers.o) (ai_math_elementwise_sum_int8)
../Middlewares/ST/AI/Lib\NetworkRuntime900_CM4_GCC.a(st_align_factor.o)
                              ../Middlewares/ST/AI/Lib\NetworkRuntime900_CM4_GCC.a(ai_math_helpers.o) (align_factor)
C:/ST/STM32CubeIDE_1.15.1/STM32CubeIDE/plugins/com.st.stm32cube.ide.mcu.externaltools.gnu-tools-for-stm32.12.3.rel1.win32_1.0.100.202403111256/tools/bin/../lib/gcc/arm-none-eabi/12.3.1/../../../../arm-none-eabi/lib/thumb/v7e-m+fp/hard\libc_nano.a(libc_a-exit.o)
                              C:/ST/STM32CubeIDE_1.15.1/STM32CubeIDE/plugins/com.st.stm32cube.ide.mcu.externaltools.gnu-tools-for-stm32.12.3.rel1.win32_1.0.100.202403111256/tools/bin/../lib/gcc/arm-none-eabi/12.3.1/../../../../arm-none-eabi/lib/thumb/v7e-m+fp/hard/crt0.o (exit)
C:/ST/STM32CubeIDE_1.15.1/STM32CubeIDE/plugins/com.st.stm32cube.ide.mcu.externaltools.gnu-tools-for-stm32.12.3.rel1.win32_1.0.100.202403111256/tools/bin/../lib/gcc/arm-none-eabi/12.3.1/../../../../arm-none-eabi/lib/thumb/v7e-m+fp/hard\libc_nano.a(libc_a-malloc.o)
                              ../Middlewares/ST/AI/Lib\NetworkRuntime900_CM4_GCC.a(core_mem_manager.o) (malloc)
[...]
Memory Configuration

Name             Origin             Length             Attributes
RAM              0x20000000         0x00018000         xrw
RAM2             0x10000000         0x00008000         xrw
FLASH            0x08000000         0x00100000         xr
*default*        0x00000000         0xffffffff

Linker script and memory map

LOAD C:/ST/STM32CubeIDE_1.15.1/STM32CubeIDE/plugins/com.st.stm32cube.ide.mcu.externaltools.gnu-tools-for-stm32.12.3.rel1.win32_1.0.100.202403111256/tools/bin/../lib/gcc/arm-none-eabi/12.3.1/thumb/v7e-m+fp/hard/crti.o
LOAD C:/ST/STM32CubeIDE_1.15.1/STM32CubeIDE/plugins/com.st.stm32cube.ide.mcu.externaltools.gnu-tools-for-stm32.12.3.rel1.win32_1.0.100.202403111256/tools/bin/../lib/gcc/arm-none-eabi/12.3.1/thumb/v7e-m+fp/hard/crtbegin.o
LOAD C:/ST/STM32CubeIDE_1.15.1/STM32CubeIDE/plugins/com.st.stm32cube.ide.mcu.externaltools.gnu-tools-for-stm32.12.3.rel1.win32_1.0.100.202403111256/tools/bin/../lib/gcc/arm-none-eabi/12.3.1/../../../../arm-none-eabi/lib/thumb/v7e-m+fp/hard/crt0.o
LOAD ./Core/Src/main.o
LOAD ./Core/Src/stm32l4xx_hal_msp.o
LOAD ./Core/Src/stm32l4xx_it.o
LOAD ./Core/Src/sysmem.o
LOAD ./Core/Src/system_stm32l4xx.o
LOAD ./Core/Startup/startup_stm32l476rgtx.o
LOAD ./Drivers/STM32L4xx_HAL_Driver/Src/stm32l4xx_hal.o
LOAD ./Drivers/STM32L4xx_HAL_Driver/Src/stm32l4xx_hal_cortex.o
LOAD ./Drivers/STM32L4xx_HAL_Driver/Src/stm32l4xx_hal_dma.o
LOAD ./Drivers/STM32L4xx_HAL_Driver/Src/stm32l4xx_hal_dma_ex.o
LOAD ./Drivers/STM32L4xx_HAL_Driver/Src/stm32l4xx_hal_exti.o
LOAD ./Drivers/STM32L4xx_HAL_Driver/Src/stm32l4xx_hal_flash.o
LOAD ./Drivers/STM32L4xx_HAL_Driver/Src/stm32l4xx_hal_flash_ex.o
LOAD ./Drivers/STM32L4xx_HAL_Driver/Src/stm32l4xx_hal_flash_ramfunc.o
LOAD ./Drivers/STM32L4xx_HAL_Driver/Src/stm32l4xx_hal_gpio.o
LOAD ./Drivers/STM32L4xx_HAL_Driver/Src/stm32l4xx_hal_i2c.o
LOAD ./Drivers/STM32L4xx_HAL_Driver/Src/stm32l4xx_hal_i2c_ex.o
LOAD ./Drivers/STM32L4xx_HAL_Driver/Src/stm32l4xx_hal_pwr.o
LOAD ./Drivers/STM32L4xx_HAL_Driver/Src/stm32l4xx_hal_pwr_ex.o
LOAD ./Drivers/STM32L4xx_HAL_Driver/Src/stm32l4xx_hal_rcc.o
LOAD ./Drivers/STM32L4xx_HAL_Driver/Src/stm32l4xx_hal_rcc_ex.o
LOAD ./Drivers/STM32L4xx_HAL_Driver/Src/stm32l4xx_hal_tim.o
LOAD ./Drivers/STM32L4xx_HAL_Driver/Src/stm32l4xx_hal_tim_ex.o
LOAD ./Drivers/STM32L4xx_HAL_Driver/Src/stm32l4xx_hal_uart.o
LOAD ./Drivers/STM32L4xx_HAL_Driver/Src/stm32l4xx_hal_uart_ex.o
LOAD ./X-CUBE-AI/App/app_x-cube-ai.o
LOAD ./X-CUBE-AI/App/network.o
LOAD ./X-CUBE-AI/App/network_data.o
LOAD ./X-CUBE-AI/App/network_data_params.o
LOAD ../Middlewares/ST/AI/Lib\NetworkRuntime900_CM4_GCC.a
START GROUP
LOAD C:/ST/STM32CubeIDE_1.15.1/STM32CubeIDE/plugins/com.st.stm32cube.ide.mcu.externaltools.gnu-tools-for-stm32.12.3.rel1.win32_1.0.100.202403111256/tools/bin/../lib/gcc/arm-none-eabi/12.3.1/../../../../arm-none-eabi/lib/thumb/v7e-m+fp/hard\libc_nano.a
LOAD C:/ST/STM32CubeIDE_1.15.1/STM32CubeIDE/plugins/com.st.stm32cube.ide.mcu.externaltools.gnu-tools-for-stm32.12.3.rel1.win32_1.0.100.202403111256/tools/bin/../lib/gcc/arm-none-eabi/12.3.1/../../../../arm-none-eabi/lib/thumb/v7e-m+fp/hard\libm.a
END GROUP
START GROUP
LOAD C:/ST/STM32CubeIDE_1.15.1/STM32CubeIDE/plugins/com.st.stm32cube.ide.mcu.externaltools.gnu-tools-for-stm32.12.3.rel1.win32_1.0.100.202403111256/tools/bin/../lib/gcc/arm-none-eabi/12.3.1/thumb/v7e-m+fp/hard\libgcc.a
LOAD C:/ST/STM32CubeIDE_1.15.1/STM32CubeIDE/plugins/com.st.stm32cube.ide.mcu.externaltools.gnu-tools-for-stm32.12.3.rel1.win32_1.0.100.202403111256/tools/bin/../lib/gcc/arm-none-eabi/12.3.1/../../../../arm-none-eabi/lib/thumb/v7e-m+fp/hard\libc_nano.a
END GROUP
START GROUP
LOAD C:/ST/STM32CubeIDE_1.15.1/STM32CubeIDE/plugins/com.st.stm32cube.ide.mcu.externaltools.gnu-tools-for-stm32.12.3.rel1.win32_1.0.100.202403111256/tools/bin/../lib/gcc/arm-none-eabi/12.3.1/thumb/v7e-m+fp/hard\libgcc.a
LOAD C:/ST/STM32CubeIDE_1.15.1/STM32CubeIDE/plugins/com.st.stm32cube.ide.mcu.externaltools.gnu-tools-for-stm32.12.3.rel1.win32_1.0.100.202403111256/tools/bin/../lib/gcc/arm-none-eabi/12.3.1/../../../../arm-none-eabi/lib/thumb/v7e-m+fp/hard\libc_nano.a
LOAD C:/ST/STM32CubeIDE_1.15.1/STM32CubeIDE/plugins/com.st.stm32cube.ide.mcu.externaltools.gnu-tools-for-stm32.12.3.rel1.win32_1.0.100.202403111256/tools/bin/../lib/gcc/arm-none-eabi/12.3.1/../../../../arm-none-eabi/lib/thumb/v7e-m+fp/hard\libnosys.a
END GROUP
START GROUP
LOAD C:/ST/STM32CubeIDE_1.15.1/STM32CubeIDE/plugins/com.st.stm32cube.ide.mcu.externaltools.gnu-tools-for-stm32.12.3.rel1.win32_1.0.100.202403111256/tools/bin/../lib/gcc/arm-none-eabi/12.3.1/thumb/v7e-m+fp/hard\libgcc.a
LOAD C:/ST/STM32CubeIDE_1.15.1/STM32CubeIDE/plugins/com.st.stm32cube.ide.mcu.externaltools.gnu-tools-for-stm32.12.3.rel1.win32_1.0.100.202403111256/tools/bin/../lib/gcc/arm-none-eabi/12.3.1/../../../../arm-none-eabi/lib/thumb/v7e-m+fp/hard\libc_nano.a
LOAD C:/ST/STM32CubeIDE_1.15.1/STM32CubeIDE/plugins/com.st.stm32cube.ide.mcu.externaltools.gnu-tools-for-stm32.12.3.rel1.win32_1.0.100.202403111256/tools/bin/../lib/gcc/arm-none-eabi/12.3.1/../../../../arm-none-eabi/lib/thumb/v7e-m+fp/hard\libnosys.a
END GROUP
LOAD C:/ST/STM32CubeIDE_1.15.1/STM32CubeIDE/plugins/com.st.stm32cube.ide.mcu.externaltools.gnu-tools-for-stm32.12.3.rel1.win32_1.0.100.202403111256/tools/bin/../lib/gcc/arm-none-eabi/12.3.1/thumb/v7e-m+fp/hard/crtend.o
LOAD C:/ST/STM32CubeIDE_1.15.1/STM32CubeIDE/plugins/com.st.stm32cube.ide.mcu.externaltools.gnu-tools-for-stm32.12.3.rel1.win32_1.0.100.202403111256/tools/bin/../lib/gcc/arm-none-eabi/12.3.1/thumb/v7e-m+fp/hard/crtn.o
                0x20018000                        _estack = (ORIGIN (RAM) + LENGTH (RAM))
                0x00000800                        _Min_Heap_Size = 0x800
                0x00000800                        _Min_Stack_Size = 0x800

.isr_vector     0x08000000      0x188
                0x08000000                        . = ALIGN (0x4)
 *(.isr_vector)
 .isr_vector    0x08000000      0x188 ./Core/Startup/startup_stm32l476rgtx.o
                0x08000000                g_pfnVectors
                0x08000188                        . = ALIGN (0x4)

.text           0x08000188     0x4578
                0x08000188                        . = ALIGN (0x4)
 *(.text)
 .text          0x08000188       0x40 C:/ST/STM32CubeIDE_1.15.1/STM32CubeIDE/plugins/com.st.stm32cube.ide.mcu.externaltools.gnu-tools-for-stm32.12.3.rel1.win32_1.0.100.202403111256/tools/bin/../lib/gcc/arm-none-eabi/12.3.1/thumb/v7e-m+fp/hard/crtbegin.o
 *(.text*)
 .text.SERVO_SetPosition
                0x080001c8       0xcc ./Core/Src/main.o
 .text.NYBBLE_SetPose
                0x08000294       0x70 ./Core/Src/main.o
 .text.AI_PostProcessOutput
                0x08000304       0x40 ./Core/Src/main.o
 .text.AI_CalculateServoTargets
                0x08000344       0xb0 ./Core/Src/main.o
 .text.MX_GPIO_Init
                0x080003f4       0xa0 ./Core/Src/main.o
 .text.SERVO_Init
                0x08000494       0x30 ./Core/Src/main.o
 .text.AI_Init  0x080004c4       0x4c ./Core/Src/main.o
 .text.AI_Run   0x08000510       0x38 ./Core/Src/main.o
 .text.Error_Handler
                0x08000548        0x4 ./Core/Src/main.o
                0x08000548                Error_Handler
 .text.MX_I2C1_Init
                0x0800054c       0x54 ./Core/Src/main.o
 .text.MX_TIM1_Init
                0x080005a0       0x6c ./Core/Src/main.o
 .text.MX_TIM3_Init
                0x0800060c       0xd8 ./Core/Src/main.o
 .text.MX_TIM2_Init
                0x080006e4       0xd4 ./Core/Src/main.o
 .text.SystemClock_Config
                0x080007b8       0x7a ./Core/Src/main.o
                0x080007b8                SystemClock_Config
 *fill*         0x08000832        0x2 
 .text.main     0x08000834      0x100 ./Core/Src/main.o
                0x08000834                main
 .text.HAL_MspInit
                0x08000934       0x30 ./Core/Src/stm32l4xx_hal_msp.o
                0x08000934                HAL_MspInit
 .text.HAL_I2C_MspInit
                0x08000964       0x88 ./Core/Src/stm32l4xx_hal_msp.o
                0x08000964                HAL_I2C_MspInit
 .text.HAL_TIM_Base_MspInit
                0x080009ec       0x6c ./Core/Src/stm32l4xx_hal_msp.o
                0x080009ec                HAL_TIM_Base_MspInit
 .text.HAL_TIM_MspPostInit
                0x08000a58       0xd8 ./Core/Src/stm32l4xx_hal_msp.o
                0x08000a58                HAL_TIM_MspPostInit
 .text.NMI_Handler
                0x08000b30        0x2 ./Core/Src/stm32l4xx_it.o
                0x08000b30                NMI_Handler
 .text.HardFault_Handler
                0x08000b32        0x2 ./Core/Src/stm32l4xx_it.o
                0x08000b32                HardFault_Handler
 .text.MemManage_Handler
                0x08000b34        0x2 ./Core/Src/stm32l4xx_it.o
                0x08000b34                MemManage_Handler
 .text.BusFault_Handler
                0x08000b36        0x2 ./Core/Src/stm32l4xx_it.o
                0x08000b36                BusFault_Handler
 .text.UsageFault_Handler
                0x08000b38        0x2 ./Core/Src/stm32l4xx_it.o
                0x08000b38                UsageFault_Handler
 .text.SVC_Handler
                0x08000b3a        0x2 ./Core/Src/stm32l4xx_it.o
                0x08000b3a                SVC_Handler
 .text.DebugMon_Handler
                0x08000b3c        0x2 ./Core/Src/stm32l4xx_it.o
                0x08000b3c                DebugMon_Handler
 .text.PendSV_Handler
                0x08000b3e        0x2 ./Core/Src/stm32l4xx_it.o
                0x08000b3e                PendSV_Handler
 .text.SysTick_Handler
                0x08000b40        0x8 ./Core/Src/stm32l4xx_it.o
                0x08000b40                SysTick_Handler
 .text.SystemInit
                0x08000b48       0x14 ./Core/Src/system_stm32l4xx.o
                0x08000b48                SystemInit
 .text.Reset_Handler
                0x08000b5c       0x50 ./Core/Startup/startup_stm32l476rgtx.o
                0x08000b5c                Reset_Handler
 .text.Default_Handler
                0x08000bac        0x2 ./Core/Startup/startup_stm32l476rgtx.o
                0x08000bac                RTC_Alarm_IRQHandler
                0x08000bac                EXTI2_IRQHandler
                0x08000bac                TIM8_TRG_COM_IRQHandler
                0x08000bac                TIM8_CC_IRQHandler
                0x08000bac                TIM1_CC_IRQHandler
                0x08000bac                TSC_IRQHandler
                0x08000bac                TAMP_STAMP_IRQHandler
                0x08000bac                EXTI3_IRQHandler
                0x08000bac                LPTIM2_IRQHandler
                0x08000bac                DFSDM1_FLT1_IRQHandler
                0x08000bac                I2C3_ER_IRQHandler
                0x08000bac                DFSDM1_FLT2_IRQHandler
                0x08000bac                EXTI0_IRQHandler
                0x08000bac                I2C2_EV_IRQHandler
                0x08000bac                CAN1_RX0_IRQHandler
                0x08000bac                FPU_IRQHandler
                0x08000bac                TIM1_UP_TIM16_IRQHandler
                0x08000bac                ADC1_2_IRQHandler
                0x08000bac                SPI1_IRQHandler
                0x08000bac                TIM6_DAC_IRQHandler
                0x08000bac                TIM8_UP_IRQHandler
                0x08000bac                DMA2_Channel2_IRQHandler
                0x08000bac                DMA1_Channel4_IRQHandler
                0x08000bac                SAI2_IRQHandler
                0x08000bac                DFSDM1_FLT3_IRQHandler
                0x08000bac                USART3_IRQHandler
                0x08000bac                DMA1_Channel7_IRQHandler
                0x08000bac                CAN1_RX1_IRQHandler
                0x08000bac                LCD_IRQHandler
                0x08000bac                UART5_IRQHandler
                0x08000bac                ADC3_IRQHandler
                0x08000bac                TIM4_IRQHandler
                0x08000bac                DMA2_Channel1_IRQHandler
                0x08000bac                QUADSPI_IRQHandler
                0x08000bac                I2C1_EV_IRQHandler
                0x08000bac                DMA1_Channel6_IRQHandler
                0x08000bac                UART4_IRQHandler
                0x08000bac                DMA2_Channel4_IRQHandler
                0x08000bac                TIM3_IRQHandler
                0x08000bac                RCC_IRQHandler
                0x08000bac                DMA1_Channel1_IRQHandler
                0x08000bac                Default_Handler
                0x08000bac                DMA2_Channel7_IRQHandler
                0x08000bac                EXTI15_10_IRQHandler
                0x08000bac                TIM7_IRQHandler
                0x08000bac                SDMMC1_IRQHandler
                0x08000bac                TIM5_IRQHandler
                0x08000bac                I2C3_EV_IRQHandler
                0x08000bac                EXTI9_5_IRQHandler
                0x08000bac                RTC_WKUP_IRQHandler
                0x08000bac                PVD_PVM_IRQHandler
                0x08000bac                SPI2_IRQHandler
                0x08000bac                CAN1_TX_IRQHandler
                0x08000bac                DMA2_Channel5_IRQHandler
                0x08000bac                DMA1_Channel5_IRQHandler
                0x08000bac                EXTI4_IRQHandler
                0x08000bac                RNG_IRQHandler
                0x08000bac                TIM1_TRG_COM_TIM17_IRQHandler
                0x08000bac                DMA1_Channel3_IRQHandler
                0x08000bac                COMP_IRQHandler
                0x08000bac                WWDG_IRQHandler
                0x08000bac                LPUART1_IRQHandler
                0x08000bac                DMA2_Channel6_IRQHandler
                0x08000bac                TIM2_IRQHandler
                0x08000bac                EXTI1_IRQHandler
                0x08000bac                USART2_IRQHandler
                0x08000bac                DFSDM1_FLT0_IRQHandler
                0x08000bac                I2C2_ER_IRQHandler
                0x08000bac                DMA1_Channel2_IRQHandler
                0x08000bac                TIM8_BRK_IRQHandler
                0x08000bac                CAN1_SCE_IRQHandler
                0x08000bac                FLASH_IRQHandler
                0x08000bac                USART1_IRQHandler
                0x08000bac                OTG_FS_IRQHandler
                0x08000bac                SPI3_IRQHandler
                0x08000bac                I2C1_ER_IRQHandler
                0x08000bac                FMC_IRQHandler
                0x08000bac                SWPMI1_IRQHandler
                0x08000bac                LPTIM1_IRQHandler
                0x08000bac                SAI1_IRQHandler
                0x08000bac                DMA2_Channel3_IRQHandler
                0x08000bac                TIM1_BRK_TIM15_IRQHandler
 *fill*         0x08000bae        0x2 
 .text.HAL_InitTick
                0x08000bb0       0x50 ./Drivers/STM32L4xx_HAL_Driver/Src/stm32l4xx_hal.o
                0x08000bb0                HAL_InitTick
 .text.HAL_Init
                0x08000c00       0x2c ./Drivers/STM32L4xx_HAL_Driver/Src/stm32l4xx_hal.o
                0x08000c00                HAL_Init
 .text.HAL_IncTick
                0x08000c2c       0x18 ./Drivers/STM32L4xx_HAL_Driver/Src/stm32l4xx_hal.o
                0x08000c2c                HAL_IncTick
 .text.HAL_GetTick
                0x08000c44        0xc ./Drivers/STM32L4xx_HAL_Driver/Src/stm32l4xx_hal.o
                0x08000c44                HAL_GetTick
 .text.HAL_Delay
                0x08000c50       0x28 ./Drivers/STM32L4xx_HAL_Driver/Src/stm32l4xx_hal.o
                0x08000c50                HAL_Delay
 .text.__NVIC_SetPriority
                0x08000c78       0x28 ./Drivers/STM32L4xx_HAL_Driver/Src/stm32l4xx_hal_cortex.o
 .text.NVIC_EncodePriority
                0x08000ca0       0x3e ./Drivers/STM32L4xx_HAL_Driver/Src/stm32l4xx_hal_cortex.o
 *fill*         0x08000cde        0x2 
 .text.HAL_NVIC_SetPriorityGrouping
                0x08000ce0       0x24 ./Drivers/STM32L4xx_HAL_Driver/Src/stm32l4xx_hal_cortex.o
                0x08000ce0                HAL_NVIC_SetPriorityGrouping
 .text.HAL_NVIC_SetPriority
                0x08000d04       0x20 ./Drivers/STM32L4xx_HAL_Driver/Src/stm32l4xx_hal_cortex.o
                0x08000d04                HAL_NVIC_SetPriority
 .text.HAL_SYSTICK_Config
                0x08000d24       0x28 ./Drivers/STM32L4xx_HAL_Driver/Src/stm32l4xx_hal_cortex.o
                0x08000d24                HAL_SYSTICK_Config
 .text.HAL_GPIO_Init
                0x08000d4c      0x200 ./Drivers/STM32L4xx_HAL_Driver/Src/stm32l4xx_hal_gpio.o
                0x08000d4c                HAL_GPIO_Init
 .text.HAL_GPIO_WritePin
                0x08000f4c        0xa ./Drivers/STM32L4xx_HAL_Driver/Src/stm32l4xx_hal_gpio.o
                0x08000f4c                HAL_GPIO_WritePin
 .text.HAL_I2C_Init
                0x08000f56       0xc8 ./Drivers/STM32L4xx_HAL_Driver/Src/stm32l4xx_hal_i2c.o
                0x08000f56                HAL_I2C_Init
 .text.HAL_I2CEx_ConfigAnalogFilter
                0x0800101e       0x5c ./Drivers/STM32L4xx_HAL_Driver/Src/stm32l4xx_hal_i2c_ex.o
                0x0800101e                HAL_I2CEx_ConfigAnalogFilter
 .text.HAL_I2CEx_ConfigDigitalFilter
                0x0800107a       0x58 ./Drivers/STM32L4xx_HAL_Driver/Src/stm32l4xx_hal_i2c_ex.o
                0x0800107a                HAL_I2CEx_ConfigDigitalFilter
 *fill*         0x080010d2        0x2 
 .text.HAL_PWREx_GetVoltageRange
                0x080010d4       0x10 ./Drivers/STM32L4xx_HAL_Driver/Src/stm32l4xx_hal_pwr_ex.o
                0x080010d4                HAL_PWREx_GetVoltageRange
 .text.HAL_PWREx_ControlVoltageScaling
                0x080010e4       0x90 ./Drivers/STM32L4xx_HAL_Driver/Src/stm32l4xx_hal_pwr_ex.o
                0x080010e4                HAL_PWREx_ControlVoltageScaling
 .text.RCC_SetFlashLatencyFromMSIRange
                0x08001174       0x90 ./Drivers/STM32L4xx_HAL_Driver/Src/stm32l4xx_hal_rcc.o
 .text.HAL_RCC_GetSysClockFreq
                0x08001204       0xb4 ./Drivers/STM32L4xx_HAL_Driver/Src/stm32l4xx_hal_rcc.o
                0x08001204                HAL_RCC_GetSysClockFreq
 .text.HAL_RCC_OscConfig
                0x080012b8      0x61c ./Drivers/STM32L4xx_HAL_Driver/Src/stm32l4xx_hal_rcc.o
                0x080012b8                HAL_RCC_OscConfig
 .text.HAL_RCC_ClockConfig
                0x080018d4      0x188 ./Drivers/STM32L4xx_HAL_Driver/Src/stm32l4xx_hal_rcc.o
                0x080018d4                HAL_RCC_ClockConfig
 .text.RCCEx_PLLSAI1_Config
                0x08001a5c      0x170 ./Drivers/STM32L4xx_HAL_Driver/Src/stm32l4xx_hal_rcc_ex.o
 .text.RCCEx_PLLSAI2_Config
                0x08001bcc      0x14c ./Drivers/STM32L4xx_HAL_Driver/Src/stm32l4xx_hal_rcc_ex.o
 .text.HAL_RCCEx_PeriphCLKConfig
                0x08001d18      0x454 ./Drivers/STM32L4xx_HAL_Driver/Src/stm32l4xx_hal_rcc_ex.o
                0x08001d18                HAL_RCCEx_PeriphCLKConfig
 .text.TIM_OC1_SetConfig
                0x0800216c       0x9c ./Drivers/STM32L4xx_HAL_Driver/Src/stm32l4xx_hal_tim.o
 .text.TIM_OC3_SetConfig
                0x08002208       0x8c ./Drivers/STM32L4xx_HAL_Driver/Src/stm32l4xx_hal_tim.o
 .text.TIM_OC4_SetConfig
                0x08002294       0x6c ./Drivers/STM32L4xx_HAL_Driver/Src/stm32l4xx_hal_tim.o
 .text.TIM_OC5_SetConfig
                0x08002300       0x68 ./Drivers/STM32L4xx_HAL_Driver/Src/stm32l4xx_hal_tim.o
 .text.TIM_OC6_SetConfig
                0x08002368       0x6c ./Drivers/STM32L4xx_HAL_Driver/Src/stm32l4xx_hal_tim.o
 .text.TIM_TI1_ConfigInputStage
                0x080023d4       0x26 ./Drivers/STM32L4xx_HAL_Driver/Src/stm32l4xx_hal_tim.o
 .text.TIM_TI2_ConfigInputStage
                0x080023fa       0x28 ./Drivers/STM32L4xx_HAL_Driver/Src/stm32l4xx_hal_tim.o
 .text.TIM_ITRx_SetConfig
                0x08002422       0x10 ./Drivers/STM32L4xx_HAL_Driver/Src/stm32l4xx_hal_tim.o
 .text.HAL_TIM_PWM_MspInit
                0x08002432        0x2 ./Drivers/STM32L4xx_HAL_Driver/Src/stm32l4xx_hal_tim.o
                0x08002432                HAL_TIM_PWM_MspInit
 .text.TIM_Base_SetConfig
                0x08002434       0xc8 ./Drivers/STM32L4xx_HAL_Driver/Src/stm32l4xx_hal_tim.o
                0x08002434                TIM_Base_SetConfig
 .text.HAL_TIM_Base_Init
                0x080024fc       0x60 ./Drivers/STM32L4xx_HAL_Driver/Src/stm32l4xx_hal_tim.o
                0x080024fc                HAL_TIM_Base_Init
 .text.HAL_TIM_PWM_Init
                0x0800255c       0x60 ./Drivers/STM32L4xx_HAL_Driver/Src/stm32l4xx_hal_tim.o
                0x0800255c                HAL_TIM_PWM_Init
 .text.TIM_OC2_SetConfig
                0x080025bc       0x8c ./Drivers/STM32L4xx_HAL_Driver/Src/stm32l4xx_hal_tim.o
                0x080025bc                TIM_OC2_SetConfig
 .text.HAL_TIM_PWM_ConfigChannel
                0x08002648      0x13a ./Drivers/STM32L4xx_HAL_Driver/Src/stm32l4xx_hal_tim.o
                0x08002648                HAL_TIM_PWM_ConfigChannel
 .text.TIM_ETR_SetConfig
                0x08002782       0x1a ./Drivers/STM32L4xx_HAL_Driver/Src/stm32l4xx_hal_tim.o
                0x08002782                TIM_ETR_SetConfig
 .text.HAL_TIM_ConfigClockSource
                0x0800279c      0x100 ./Drivers/STM32L4xx_HAL_Driver/Src/stm32l4xx_hal_tim.o
                0x0800279c                HAL_TIM_ConfigClockSource
 .text.TIM_CCxChannelCmd
                0x0800289c       0x1e ./Drivers/STM32L4xx_HAL_Driver/Src/stm32l4xx_hal_tim.o
                0x0800289c                TIM_CCxChannelCmd
 *fill*         0x080028ba        0x2 
 .text.HAL_TIM_PWM_Start
                0x080028bc      0x168 ./Drivers/STM32L4xx_HAL_Driver/Src/stm32l4xx_hal_tim.o
                0x080028bc                HAL_TIM_PWM_Start
 .text.HAL_TIMEx_MasterConfigSynchronization
                0x08002a24       0x98 ./Drivers/STM32L4xx_HAL_Driver/Src/stm32l4xx_hal_tim_ex.o
                0x08002a24                HAL_TIMEx_MasterConfigSynchronization
 .text.MX_X_CUBE_AI_Init
                0x08002abc        0x2 ./X-CUBE-AI/App/app_x-cube-ai.o
                0x08002abc                MX_X_CUBE_AI_Init
 .text.MX_X_CUBE_AI_Process
                0x08002abe        0x2 ./X-CUBE-AI/App/app_x-cube-ai.o
                0x08002abe                MX_X_CUBE_AI_Process
 .text.network_configure_weights
                0x08002ac0       0xe0 ./X-CUBE-AI/App/network.o
 .text.network_configure_activations
                0x08002ba0       0x88 ./X-CUBE-AI/App/network.o
 .text.ai_network_get_error
                0x08002c28        0x8 ./X-CUBE-AI/App/network.o
                0x08002c28                ai_network_get_error
 .text.ai_network_create
                0x08002c30       0x20 ./X-CUBE-AI/App/network.o
                0x08002c30                ai_network_create
 .text.ai_network_inputs_get
                0x08002c50       0x1c ./X-CUBE-AI/App/network.o
                0x08002c50                ai_network_inputs_get
 .text.ai_network_outputs_get
                0x08002c6c       0x1c ./X-CUBE-AI/App/network.o
                0x08002c6c                ai_network_outputs_get
 .text.ai_network_init
                0x08002c88       0x30 ./X-CUBE-AI/App/network.o
                0x08002c88                ai_network_init
 .text.ai_network_create_and_init
                0x08002cb8       0x8e ./X-CUBE-AI/App/network.o
                0x08002cb8                ai_network_create_and_init
 .text.ai_network_run
                0x08002d46        0x8 ./X-CUBE-AI/App/network.o
                0x08002d46                ai_network_run
 *fill*         0x08002d4e        0x2 
 .text.ai_network_data_params_get
                0x08002d50       0x38 ./X-CUBE-AI/App/network_data.o
                0x08002d50                ai_network_data_params_get
 .text.ai_buffer_get_size
                0x08002d88       0x68 ../Middlewares/ST/AI/Lib\NetworkRuntime900_CM4_GCC.a(ai_platform.o)
                0x08002d88                ai_buffer_get_size
 .text.ai_buffer_array_sane
                0x08002df0       0x14 ../Middlewares/ST/AI/Lib\NetworkRuntime900_CM4_GCC.a(ai_platform.o)
                0x08002df0                ai_buffer_array_sane
 .text.ai_buffer_array_item_set_address
                0x08002e04       0x20 ../Middlewares/ST/AI/Lib\NetworkRuntime900_CM4_GCC.a(ai_platform.o)
                0x08002e04                ai_buffer_array_item_set_address
 .text.ai_platform_get_weights_map
                0x08002e24       0xa8 ../Middlewares/ST/AI/Lib\NetworkRuntime900_CM4_GCC.a(ai_platform_interface.o)
                0x08002e24                ai_platform_get_weights_map
 .text.ai_platform_get_activations_map
                0x08002ecc       0xa8 ../Middlewares/ST/AI/Lib\NetworkRuntime900_CM4_GCC.a(ai_platform_interface.o)
                0x08002ecc                ai_platform_get_activations_map
 .text.ai_platform_bind_network_params
                0x08002f74       0x44 ../Middlewares/ST/AI/Lib\NetworkRuntime900_CM4_GCC.a(ai_platform_interface.o)
                0x08002f74                ai_platform_bind_network_params
 .text.ai_platform_network_get_error
                0x08002fb8       0x18 ../Middlewares/ST/AI/Lib\NetworkRuntime900_CM4_GCC.a(ai_platform_interface.o)
                0x08002fb8                ai_platform_network_get_error
 .text.ai_platform_network_set_error
                0x08002fd0        0xc ../Middlewares/ST/AI/Lib\NetworkRuntime900_CM4_GCC.a(ai_platform_interface.o)
                0x08002fd0                ai_platform_network_set_error
 .text.ai_platform_inputs_get
                0x08002fdc       0xec ../Middlewares/ST/AI/Lib\NetworkRuntime900_CM4_GCC.a(ai_platform_interface.o)
                0x08002fdc                ai_platform_inputs_get
 .text.ai_platform_outputs_get
                0x080030c8       0xe8 ../Middlewares/ST/AI/Lib\NetworkRuntime900_CM4_GCC.a(ai_platform_interface.o)
                0x080030c8                ai_platform_outputs_get
 .text.ai_platform_network_create
                0x080031b0       0x84 ../Middlewares/ST/AI/Lib\NetworkRuntime900_CM4_GCC.a(ai_platform_interface.o)
                0x080031b0                ai_platform_network_create
 .text.ai_platform_network_init
                0x08003234      0x19c ../Middlewares/ST/AI/Lib\NetworkRuntime900_CM4_GCC.a(ai_platform_interface.o)
                0x08003234                ai_platform_network_init
 .text.ai_platform_network_post_init
                0x080033d0       0x60 ../Middlewares/ST/AI/Lib\NetworkRuntime900_CM4_GCC.a(ai_platform_interface.o)
                0x080033d0                ai_platform_network_post_init
 .text.ai_platform_network_process
                0x08003430      0x480 ../Middlewares/ST/AI/Lib\NetworkRuntime900_CM4_GCC.a(ai_platform_interface.o)
                0x08003430                ai_platform_network_process
 .text.core_init
                0x080038b0        0x4 ../Middlewares/ST/AI/Lib\NetworkRuntime900_CM4_GCC.a(core_common.o)
                0x080038b0                core_init
 .text.core_get_error
                0x080038b4        0xc ../Middlewares/ST/AI/Lib\NetworkRuntime900_CM4_GCC.a(core_common.o)
                0x080038b4                core_get_error
 .text.core_set_error
                0x080038c0       0x18 ../Middlewares/ST/AI/Lib\NetworkRuntime900_CM4_GCC.a(core_common.o)
                0x080038c0                core_set_error
 .text.ai_check_custom_types
                0x080038d8       0x54 ../Middlewares/ST/AI/Lib\NetworkRuntime900_CM4_GCC.a(layers.o)
                0x080038d8                ai_check_custom_types
 .text.ai_layers_init_all
                0x0800392c       0x1c ../Middlewares/ST/AI/Lib\NetworkRuntime900_CM4_GCC.a(layers.o)
                0x0800392c                ai_layers_init_all
 .text.ai_layers_post_init_all
                0x08003948       0x28 ../Middlewares/ST/AI/Lib\NetworkRuntime900_CM4_GCC.a(layers.o)
                0x08003948                ai_layers_post_init_all
 .text.ai_layers_forward_all
                0x08003970       0x94 ../Middlewares/ST/AI/Lib\NetworkRuntime900_CM4_GCC.a(layers.o)
                0x08003970                ai_layers_forward_all
 .text.forward_dense
                0x08003a04      0x3e0 ../Middlewares/ST/AI/Lib\NetworkRuntime900_CM4_GCC.a(layers_conv2d_generic_float.o)
                0x08003a04                forward_dense
 .text.forward_elu
                0x08003de4       0xcc ../Middlewares/ST/AI/Lib\NetworkRuntime900_CM4_GCC.a(layers_nl_generic_float.o)
                0x08003de4                forward_elu
 .text.forward_lite_dense_if32of32wf32
                0x08003eb0      0x2b4 ../Middlewares/ST/AI/Lib\NetworkRuntime900_CM4_GCC.a(lite_dense_if32.o)
                0x08003eb0                forward_lite_dense_if32of32wf32
 .text.st_int8_copy
                0x08004164      0x10c ../Middlewares/ST/AI/Lib\NetworkRuntime900_CM4_GCC.a(st_int8_fill.o)
                0x08004164                st_int8_copy
 .text.ai_array_to_buffer_fmt
                0x08004270       0xe0 ../Middlewares/ST/AI/Lib\NetworkRuntime900_CM4_GCC.a(ai_datatypes_format.o)
                0x08004270                ai_array_to_buffer_fmt
 .text.ai_array_get_byte_size
                0x08004350       0x50 ../Middlewares/ST/AI/Lib\NetworkRuntime900_CM4_GCC.a(ai_datatypes_format.o)
                0x08004350                ai_array_get_byte_size
 .text.ai_array_get_data_byte_size
                0x080043a0       0x24 ../Middlewares/ST/AI/Lib\NetworkRuntime900_CM4_GCC.a(ai_datatypes_format.o)
                0x080043a0                ai_array_get_data_byte_size
 .text.ai_version_get
                0x080043c4        0xc ../Middlewares/ST/AI/Lib\NetworkRuntime900_CM4_GCC.a(ai_datatypes_internal.o)
                0x080043c4                ai_version_get
 .text.get_tensor_byte_size
                0x080043d0       0x30 ../Middlewares/ST/AI/Lib\NetworkRuntime900_CM4_GCC.a(ai_datatypes_internal.o)
                0x080043d0                get_tensor_byte_size
 .text.memset   0x08004400       0x10 C:/ST/STM32CubeIDE_1.15.1/STM32CubeIDE/plugins/com.st.stm32cube.ide.mcu.externaltools.gnu-tools-for-stm32.12.3.rel1.win32_1.0.100.202403111256/tools/bin/../lib/gcc/arm-none-eabi/12.3.1/../../../../arm-none-eabi/lib/thumb/v7e-m+fp/hard\libc_nano.a(libc_a-memset.o)
                0x08004400                memset
 .text.__errno  0x08004410        0xc C:/ST/STM32CubeIDE_1.15.1/STM32CubeIDE/plugins/com.st.stm32cube.ide.mcu.externaltools.gnu-tools-for-stm32.12.3.rel1.win32_1.0.100.202403111256/tools/bin/../lib/gcc/arm-none-eabi/12.3.1/../../../../arm-none-eabi/lib/thumb/v7e-m+fp/hard\libc_nano.a(libc_a-errno.o)
                0x08004410                __errno
 .text.__libc_init_array
                0x0800441c       0x48 C:/ST/STM32CubeIDE_1.15.1/STM32CubeIDE/plugins/com.st.stm32cube.ide.mcu.externaltools.gnu-tools-for-stm32.12.3.rel1.win32_1.0.100.202403111256/tools/bin/../lib/gcc/arm-none-eabi/12.3.1/../../../../arm-none-eabi/lib/thumb/v7e-m+fp/hard\libc_nano.a(libc_a-init.o)
                0x0800441c                __libc_init_array
 .text.memcpy   0x08004464       0x1c C:/ST/STM32CubeIDE_1.15.1/STM32CubeIDE/plugins/com.st.stm32cube.ide.mcu.externaltools.gnu-tools-for-stm32.12.3.rel1.win32_1.0.100.202403111256/tools/bin/../lib/gcc/arm-none-eabi/12.3.1/../../../../arm-none-eabi/lib/thumb/v7e-m+fp/hard\libc_nano.a(libc_a-memcpy-stub.o)
                0x08004464                memcpy
 .text.expf     0x08004480       0x6c C:/ST/STM32CubeIDE_1.15.1/STM32CubeIDE/plugins/com.st.stm32cube.ide.mcu.externaltools.gnu-tools-for-stm32.12.3.rel1.win32_1.0.100.202403111256/tools/bin/../lib/gcc/arm-none-eabi/12.3.1/../../../../arm-none-eabi/lib/thumb/v7e-m+fp/hard\libm.a(libm_a-wf_exp.o)
                0x08004480                expf
 .text.finitef  0x080044ec       0x14 C:/ST/STM32CubeIDE_1.15.1/STM32CubeIDE/plugins/com.st.stm32cube.ide.mcu.externaltools.gnu-tools-for-stm32.12.3.rel1.win32_1.0.100.202403111256/tools/bin/../lib/gcc/arm-none-eabi/12.3.1/../../../../arm-none-eabi/lib/thumb/v7e-m+fp/hard\libm.a(libm_a-sf_finite.o)
                0x080044ec                finitef
 .text.with_errnof
                0x08004500       0x1c C:/ST/STM32CubeIDE_1.15.1/STM32CubeIDE/plugins/com.st.stm32cube.ide.mcu.externaltools.gnu-tools-for-stm32.12.3.rel1.win32_1.0.100.202403111256/tools/bin/../lib/gcc/arm-none-eabi/12.3.1/../../../../arm-none-eabi/lib/thumb/v7e-m+fp/hard\libm.a(libm_a-math_errf.o)
 .text.xflowf   0x0800451c       0x16 C:/ST/STM32CubeIDE_1.15.1/STM32CubeIDE/plugins/com.st.stm32cube.ide.mcu.externaltools.gnu-tools-for-stm32.12.3.rel1.win32_1.0.100.202403111256/tools/bin/../lib/gcc/arm-none-eabi/12.3.1/../../../../arm-none-eabi/lib/thumb/v7e-m+fp/hard\libm.a(libm_a-math_errf.o)
 *fill*         0x08004532        0x2 
 .text.__math_uflowf
                0x08004534        0xc C:/ST/STM32CubeIDE_1.15.1/STM32CubeIDE/plugins/com.st.stm32cube.ide.mcu.externaltools.gnu-tools-for-stm32.12.3.rel1.win32_1.0.100.202403111256/tools/bin/../lib/gcc/arm-none-eabi/12.3.1/../../../../arm-none-eabi/lib/thumb/v7e-m+fp/hard\libm.a(libm_a-math_errf.o)
                0x08004534                __math_uflowf
 .text.__math_oflowf
                0x08004540        0xc C:/ST/STM32CubeIDE_1.15.1/STM32CubeIDE/plugins/com.st.stm32cube.ide.mcu.externaltools.gnu-tools-for-stm32.12.3.rel1.win32_1.0.100.202403111256/tools/bin/../lib/gcc/arm-none-eabi/12.3.1/../../../../arm-none-eabi/lib/thumb/v7e-m+fp/hard\libm.a(libm_a-math_errf.o)
                0x08004540                __math_oflowf
 .text.__ieee754_expf
                0x0800454c      0x19c C:/ST/STM32CubeIDE_1.15.1/STM32CubeIDE/plugins/com.st.stm32cube.ide.mcu.externaltools.gnu-tools-for-stm32.12.3.rel1.win32_1.0.100.202403111256/tools/bin/../lib/gcc/arm-none-eabi/12.3.1/../../../../arm-none-eabi/lib/thumb/v7e-m+fp/hard\libm.a(libm_a-ef_exp.o)
                0x0800454c                __ieee754_expf
 *(.glue_7)
 .glue_7        0x080046e8        0x0 linker stubs
 *(.glue_7t)
 .glue_7t       0x080046e8        0x0 linker stubs
 *(.eh_frame)
 .eh_frame      0x080046e8        0x0 C:/ST/STM32CubeIDE_1.15.1/STM32CubeIDE/plugins/com.st.stm32cube.ide.mcu.externaltools.gnu-tools-for-stm32.12.3.rel1.win32_1.0.100.202403111256/tools/bin/../lib/gcc/arm-none-eabi/12.3.1/thumb/v7e-m+fp/hard/crtbegin.o
 *(.init)
 .init          0x080046e8        0x4 C:/ST/STM32CubeIDE_1.15.1/STM32CubeIDE/plugins/com.st.stm32cube.ide.mcu.externaltools.gnu-tools-for-stm32.12.3.rel1.win32_1.0.100.202403111256/tools/bin/../lib/gcc/arm-none-eabi/12.3.1/thumb/v7e-m+fp/hard/crti.o
                0x080046e8                _init
 .init          0x080046ec        0x8 C:/ST/STM32CubeIDE_1.15.1/STM32CubeIDE/plugins/com.st.stm32cube.ide.mcu.externaltools.gnu-tools-for-stm32.12.3.rel1.win32_1.0.100.202403111256/tools/bin/../lib/gcc/arm-none-eabi/12.3.1/thumb/v7e-m+fp/hard/crtn.o
 *(.fini)
 .fini          0x080046f4        0x4 C:/ST/STM32CubeIDE_1.15.1/STM32CubeIDE/plugins/com.st.stm32cube.ide.mcu.externaltools.gnu-tools-for-stm32.12.3.rel1.win32_1.0.100.202403111256/tools/bin/../lib/gcc/arm-none-eabi/12.3.1/thumb/v7e-m+fp/hard/crti.o
                0x080046f4                _fini
 .fini          0x080046f8        0x8 C:/ST/STM32CubeIDE_1.15.1/STM32CubeIDE/plugins/com.st.stm32cube.ide.mcu.externaltools.gnu-tools-for-stm32.12.3.rel1.win32_1.0.100.202403111256/tools/bin/../lib/gcc/arm-none-eabi/12.3.1/thumb/v7e-m+fp/hard/crtn.o
                0x08004700                        . = ALIGN (0x4)
                0x08004700                        _etext = .

.vfp11_veneer   0x08004700        0x0
 .vfp11_veneer  0x08004700        0x0 linker stubs

.v4_bx          0x08004700        0x0
 .v4_bx         0x08004700        0x0 linker stubs

.iplt           0x08004700        0x0
 .iplt          0x08004700        0x0 C:/ST/STM32CubeIDE_1.15.1/STM32CubeIDE/plugins/com.st.stm32cube.ide.mcu.externaltools.gnu-tools-for-stm32.12.3.rel1.win32_1.0.100.202403111256/tools/bin/../lib/gcc/arm-none-eabi/12.3.1/thumb/v7e-m+fp/hard/crtbegin.o

.rodata         0x08004700    0x32058
                0x08004700                        . = ALIGN (0x4)
 *(.rodata)
 .rodata        0x08004700       0x10 ./Core/Src/main.o
 .rodata        0x08004710       0x30 ./X-CUBE-AI/App/network_data.o
 *(.rodata*)
 .rodata.startingTargets
                0x08004740       0x20 ./Core/Src/main.o
 .rodata.MSIRangeTable
                0x08004760       0x30 ./Core/Src/system_stm32l4xx.o
                0x08004760                MSIRangeTable
 .rodata.AHBPrescTable
                0x08004790       0x10 ./Core/Src/system_stm32l4xx.o
                0x08004790                AHBPrescTable
 .rodata._model_actor_mlp_actor_mlp_0_Gemm_output_0_chain
                0x080047a0        0x8 ./X-CUBE-AI/App/network.o
 .rodata._model_actor_mlp_actor_mlp_1_Elu_output_0_chain
                0x080047a8        0x8 ./X-CUBE-AI/App/network.o
 .rodata._model_actor_mlp_actor_mlp_1_Elu_output_0_nl_params
                0x080047b0       0x10 ./X-CUBE-AI/App/network.o
 .rodata._model_actor_mlp_actor_mlp_1_Elu_output_0_nl_params_data
                0x080047c0        0x4 ./X-CUBE-AI/App/network.o
 .rodata._model_actor_mlp_actor_mlp_2_Gemm_output_0_chain
                0x080047c4        0x8 ./X-CUBE-AI/App/network.o
 .rodata._model_actor_mlp_actor_mlp_3_Elu_output_0_chain
                0x080047cc        0x8 ./X-CUBE-AI/App/network.o
 .rodata._model_actor_mlp_actor_mlp_3_Elu_output_0_nl_params
                0x080047d4       0x10 ./X-CUBE-AI/App/network.o
 .rodata._model_actor_mlp_actor_mlp_3_Elu_output_0_nl_params_data
                0x080047e4        0x4 ./X-CUBE-AI/App/network.o
 .rodata._model_actor_mlp_actor_mlp_4_Gemm_output_0_chain
                0x080047e8        0x8 ./X-CUBE-AI/App/network.o
 .rodata._model_actor_mlp_actor_mlp_5_Elu_output_0_chain
                0x080047f0        0x8 ./X-CUBE-AI/App/network.o
 .rodata._model_actor_mlp_actor_mlp_5_Elu_output_0_nl_params
                0x080047f8       0x10 ./X-CUBE-AI/App/network.o
 .rodata._model_actor_mlp_actor_mlp_5_Elu_output_0_nl_params_data
                0x08004808        0x4 ./X-CUBE-AI/App/network.o
 .rodata.mus_chain
                0x0800480c        0x8 ./X-CUBE-AI/App/network.o
 *fill*         0x08004814        0xc 
 .rodata.s_network_weights_array_u64
                0x08004820    0x31f20 ./X-CUBE-AI/App/network_data_params.o
                0x08004820                s_network_weights_array_u64
 .rodata.ln2LO  0x08036740        0x8 C:/ST/STM32CubeIDE_1.15.1/STM32CubeIDE/plugins/com.st.stm32cube.ide.mcu.externaltools.gnu-tools-for-stm32.12.3.rel1.win32_1.0.100.202403111256/tools/bin/../lib/gcc/arm-none-eabi/12.3.1/../../../../arm-none-eabi/lib/thumb/v7e-m+fp/hard\libm.a(libm_a-ef_exp.o)
 .rodata.ln2HI  0x08036748        0x8 C:/ST/STM32CubeIDE_1.15.1/STM32CubeIDE/plugins/com.st.stm32cube.ide.mcu.externaltools.gnu-tools-for-stm32.12.3.rel1.win32_1.0.100.202403111256/tools/bin/../lib/gcc/arm-none-eabi/12.3.1/../../../../arm-none-eabi/lib/thumb/v7e-m+fp/hard\libm.a(libm_a-ef_exp.o)
 .rodata.halF   0x08036750        0x8 C:/ST/STM32CubeIDE_1.15.1/STM32CubeIDE/plugins/com.st.stm32cube.ide.mcu.externaltools.gnu-tools-for-stm32.12.3.rel1.win32_1.0.100.202403111256/tools/bin/../lib/gcc/arm-none-eabi/12.3.1/../../../../arm-none-eabi/lib/thumb/v7e-m+fp/hard\libm.a(libm_a-ef_exp.o)
                0x08036758                        . = ALIGN (0x4)

.ARM.extab      0x08036758        0x0
                0x08036758                        . = ALIGN (0x4)
 *(.ARM.extab* .gnu.linkonce.armextab.*)
                0x08036758                        . = ALIGN (0x4)

.ARM            0x08036758        0x0
                0x08036758                        . = ALIGN (0x4)
                0x08036758                        __exidx_start = .
 *(.ARM.exidx*)
                0x08036758                        __exidx_end = .
                0x08036758                        . = ALIGN (0x4)

.preinit_array  0x08036758        0x0
                0x08036758                        . = ALIGN (0x4)
                0x08036758                        PROVIDE (__preinit_array_start = .)
 *(.preinit_array*)
                0x08036758                        PROVIDE (__preinit_array_end = .)
                0x08036758                        . = ALIGN (0x4)

.init_array     0x08036758        0x4
                0x08036758                        . = ALIGN (0x4)
                0x08036758                        PROVIDE (__init_array_start = .)
 *(SORT_BY_NAME(.init_array.*))
 *(.init_array*)
 .init_array    0x08036758        0x4 C:/ST/STM32CubeIDE_1.15.1/STM32CubeIDE/plugins/com.st.stm32cube.ide.mcu.externaltools.gnu-tools-for-stm32.12.3.rel1.win32_1.0.100.202403111256/tools/bin/../lib/gcc/arm-none-eabi/12.3.1/thumb/v7e-m+fp/hard/crtbegin.o
                0x0803675c                        PROVIDE (__init_array_end = .)
                0x0803675c                        . = ALIGN (0x4)

.fini_array     0x0803675c        0x4
                0x0803675c                        . = ALIGN (0x4)
                [!provide]                        PROVIDE (__fini_array_start = .)
 *(SORT_BY_NAME(.fini_array.*))
 *(.fini_array*)
 .fini_array    0x0803675c        0x4 C:/ST/STM32CubeIDE_1.15.1/STM32CubeIDE/plugins/com.st.stm32cube.ide.mcu.externaltools.gnu-tools-for-stm32.12.3.rel1.win32_1.0.100.202403111256/tools/bin/../lib/gcc/arm-none-eabi/12.3.1/thumb/v7e-m+fp/hard/crtbegin.o
                [!provide]                        PROVIDE (__fini_array_end = .)
                0x08036760                        . = ALIGN (0x4)
                0x08036760                        _sidata = LOADADDR (.data)

.rel.dyn        0x08036760        0x0
 .rel.iplt      0x08036760        0x0 C:/ST/STM32CubeIDE_1.15.1/STM32CubeIDE/plugins/com.st.stm32cube.ide.mcu.externaltools.gnu-tools-for-stm32.12.3.rel1.win32_1.0.100.202403111256/tools/bin/../lib/gcc/arm-none-eabi/12.3.1/thumb/v7e-m+fp/hard/crtbegin.o

.data           0x20000000     0x7980 load address 0x08036760
                0x20000000                        . = ALIGN (0x4)
                0x20000000                        _sdata = .
 *(.data)
 *(.data*)
 .data.nybbleSimFactor
                0x20000000        0x8 ./Core/Src/main.o
                0x20000000                nybbleSimFactor
 .data.nybbleSimOffsetRad
                0x20000008       0x20 ./Core/Src/main.o
                0x20000008                nybbleSimOffsetRad
 .data.servoIDs
                0x20000028       0x10 ./Core/Src/main.o
                0x20000028                servoIDs
 .data.observation_data
                0x20000038     0x7080 ./Core/Src/main.o
                0x20000038                observation_data
 .data.SystemCoreClock
                0x200070b8        0x4 ./Core/Src/system_stm32l4xx.o
                0x200070b8                SystemCoreClock
 .data.uwTickFreq
                0x200070bc        0x1 ./Drivers/STM32L4xx_HAL_Driver/Src/stm32l4xx_hal.o
                0x200070bc                uwTickFreq
 *fill*         0x200070bd        0x3 
 .data.uwTickPrio
                0x200070c0        0x4 ./Drivers/STM32L4xx_HAL_Driver/Src/stm32l4xx_hal.o
                0x200070c0                uwTickPrio
 .data.g_network
                0x200070c4       0x4c ./X-CUBE-AI/App/network.o
 .data.__compound_literal.81
                0x20007110       0x18 ./X-CUBE-AI/App/network.o
 .data.__compound_literal.80
                0x20007128        0xc ./X-CUBE-AI/App/network.o
 .data.__compound_literal.76
                0x20007134        0x4 ./X-CUBE-AI/App/network.o
 .data.__compound_literal.75
                0x20007138        0xc ./X-CUBE-AI/App/network.o
 .data.__compound_literal.71
                0x20007144        0x4 ./X-CUBE-AI/App/network.o
 .data.__compound_literal.70
                0x20007148       0x1c ./X-CUBE-AI/App/network.o
 .data.__compound_literal.69
                0x20007164       0x10 ./X-CUBE-AI/App/network.o
 .data.__compound_literal.68
                0x20007174       0x1c ./X-CUBE-AI/App/network.o
 .data.__compound_literal.67
                0x20007190       0x10 ./X-CUBE-AI/App/network.o
 .data._model_actor_mlp_actor_mlp_0_Gemm_output_0_layer
                0x200071a0       0x1c ./X-CUBE-AI/App/network.o
 .data.__compound_literal.66
                0x200071bc       0x30 ./X-CUBE-AI/App/network.o
 .data.__compound_literal.64
                0x200071ec        0x8 ./X-CUBE-AI/App/network.o
 .data.__compound_literal.63
                0x200071f4        0x4 ./X-CUBE-AI/App/network.o
 .data.__compound_literal.62
                0x200071f8        0x4 ./X-CUBE-AI/App/network.o
 .data._model_actor_mlp_actor_mlp_1_Elu_output_0_layer
                0x200071fc       0x20 ./X-CUBE-AI/App/network.o
 .data.__compound_literal.61
                0x2000721c       0x30 ./X-CUBE-AI/App/network.o
 .data.__compound_literal.58
                0x2000724c        0x4 ./X-CUBE-AI/App/network.o
 .data.__compound_literal.57
                0x20007250        0x4 ./X-CUBE-AI/App/network.o
 .data._model_actor_mlp_actor_mlp_2_Gemm_output_0_layer
                0x20007254       0x1c ./X-CUBE-AI/App/network.o
 .data.__compound_literal.56
                0x20007270       0x30 ./X-CUBE-AI/App/network.o
 .data.__compound_literal.54
                0x200072a0        0x8 ./X-CUBE-AI/App/network.o
 .data.__compound_literal.53
                0x200072a8        0x4 ./X-CUBE-AI/App/network.o
 .data.__compound_literal.52
                0x200072ac        0x4 ./X-CUBE-AI/App/network.o
 .data._model_actor_mlp_actor_mlp_3_Elu_output_0_layer
                0x200072b0       0x20 ./X-CUBE-AI/App/network.o
 .data.__compound_literal.51
                0x200072d0       0x30 ./X-CUBE-AI/App/network.o
 .data.__compound_literal.48
                0x20007300        0x4 ./X-CUBE-AI/App/network.o
 .data.__compound_literal.47
                0x20007304        0x4 ./X-CUBE-AI/App/network.o
 .data._model_actor_mlp_actor_mlp_4_Gemm_output_0_layer
                0x20007308       0x1c ./X-CUBE-AI/App/network.o
 .data.__compound_literal.46
                0x20007324       0x30 ./X-CUBE-AI/App/network.o
 .data.__compound_literal.44
                0x20007354        0x8 ./X-CUBE-AI/App/network.o
 .data.__compound_literal.43
                0x2000735c        0x4 ./X-CUBE-AI/App/network.o
 .data.__compound_literal.42
                0x20007360        0x4 ./X-CUBE-AI/App/network.o
 .data._model_actor_mlp_actor_mlp_5_Elu_output_0_layer
                0x20007364       0x20 ./X-CUBE-AI/App/network.o
 .data.__compound_literal.41
                0x20007384       0x30 ./X-CUBE-AI/App/network.o
 .data.__compound_literal.38
                0x200073b4        0x4 ./X-CUBE-AI/App/network.o
 .data.__compound_literal.37
                0x200073b8        0x4 ./X-CUBE-AI/App/network.o
 .data.mus_layer
                0x200073bc       0x1c ./X-CUBE-AI/App/network.o
 .data.__compound_literal.36
                0x200073d8       0x30 ./X-CUBE-AI/App/network.o
 .data.__compound_literal.34
                0x20007408        0x8 ./X-CUBE-AI/App/network.o
 .data.__compound_literal.33
                0x20007410        0x4 ./X-CUBE-AI/App/network.o
 .data.__compound_literal.32
                0x20007414        0x4 ./X-CUBE-AI/App/network.o
 .data._model_actor_mlp_actor_mlp_2_Gemm_output_0_bias
                0x20007418       0x1c ./X-CUBE-AI/App/network.o
 .data.__compound_literal.31
                0x20007434       0x10 ./X-CUBE-AI/App/network.o
 .data.__compound_literal.30
                0x20007444       0x10 ./X-CUBE-AI/App/network.o
 .data._model_actor_mlp_actor_mlp_2_Gemm_output_0_weights
                0x20007454       0x1c ./X-CUBE-AI/App/network.o
 .data.__compound_literal.29
                0x20007470       0x10 ./X-CUBE-AI/App/network.o
 .data.__compound_literal.28
                0x20007480       0x10 ./X-CUBE-AI/App/network.o
 .data._model_actor_mlp_actor_mlp_0_Gemm_output_0_bias
                0x20007490       0x1c ./X-CUBE-AI/App/network.o
 .data.__compound_literal.27
                0x200074ac       0x10 ./X-CUBE-AI/App/network.o
 .data.__compound_literal.26
                0x200074bc       0x10 ./X-CUBE-AI/App/network.o
 .data._model_actor_mlp_actor_mlp_0_Gemm_output_0_weights
                0x200074cc       0x1c ./X-CUBE-AI/App/network.o
 .data.__compound_literal.25
                0x200074e8       0x10 ./X-CUBE-AI/App/network.o
 .data.__compound_literal.24
                0x200074f8       0x10 ./X-CUBE-AI/App/network.o
 .data.mus_output
                0x20007508       0x1c ./X-CUBE-AI/App/network.o
 .data.__compound_literal.23
                0x20007524       0x10 ./X-CUBE-AI/App/network.o
 .data.__compound_literal.22
                0x20007534       0x10 ./X-CUBE-AI/App/network.o
 .data._model_actor_mlp_actor_mlp_5_Elu_output_0_output
                0x20007544       0x1c ./X-CUBE-AI/App/network.o
 .data.__compound_literal.21
                0x20007560       0x10 ./X-CUBE-AI/App/network.o
 .data.__compound_literal.20
                0x20007570       0x10 ./X-CUBE-AI/App/network.o
 .data._model_actor_mlp_actor_mlp_4_Gemm_output_0_output
                0x20007580       0x1c ./X-CUBE-AI/App/network.o
 .data.__compound_literal.19
                0x2000759c       0x10 ./X-CUBE-AI/App/network.o
 .data.__compound_literal.18
                0x200075ac       0x10 ./X-CUBE-AI/App/network.o
 .data._model_actor_mlp_actor_mlp_3_Elu_output_0_output
                0x200075bc       0x1c ./X-CUBE-AI/App/network.o
 .data.__compound_literal.17
                0x200075d8       0x10 ./X-CUBE-AI/App/network.o
 .data.__compound_literal.16
                0x200075e8       0x10 ./X-CUBE-AI/App/network.o
 .data._model_actor_mlp_actor_mlp_2_Gemm_output_0_output
                0x200075f8       0x1c ./X-CUBE-AI/App/network.o
 .data.__compound_literal.15
                0x20007614       0x10 ./X-CUBE-AI/App/network.o
 .data.__compound_literal.14
                0x20007624       0x10 ./X-CUBE-AI/App/network.o
 .data.mus_bias
                0x20007634       0x1c ./X-CUBE-AI/App/network.o
 .data.__compound_literal.13
                0x20007650       0x10 ./X-CUBE-AI/App/network.o
 .data.__compound_literal.12
                0x20007660       0x10 ./X-CUBE-AI/App/network.o
 .data._model_actor_mlp_actor_mlp_1_Elu_output_0_output
                0x20007670       0x1c ./X-CUBE-AI/App/network.o
 .data.__compound_literal.11
                0x2000768c       0x10 ./X-CUBE-AI/App/network.o
 .data.__compound_literal.10
                0x2000769c       0x10 ./X-CUBE-AI/App/network.o
 .data.mus_weights
                0x200076ac       0x1c ./X-CUBE-AI/App/network.o
 .data.__compound_literal.9
                0x200076c8       0x10 ./X-CUBE-AI/App/network.o
 .data.__compound_literal.8
                0x200076d8       0x10 ./X-CUBE-AI/App/network.o
 .data._model_actor_mlp_actor_mlp_0_Gemm_output_0_output
                0x200076e8       0x1c ./X-CUBE-AI/App/network.o
 .data.__compound_literal.7
                0x20007704       0x10 ./X-CUBE-AI/App/network.o
 .data.__compound_literal.6
                0x20007714       0x10 ./X-CUBE-AI/App/network.o
 .data.observations_output
                0x20007724       0x1c ./X-CUBE-AI/App/network.o
 .data.__compound_literal.5
                0x20007740       0x10 ./X-CUBE-AI/App/network.o
 .data.__compound_literal.4
                0x20007750       0x10 ./X-CUBE-AI/App/network.o
 .data._model_actor_mlp_actor_mlp_4_Gemm_output_0_bias
                0x20007760       0x1c ./X-CUBE-AI/App/network.o
 .data.__compound_literal.3
                0x2000777c       0x10 ./X-CUBE-AI/App/network.o
 .data.__compound_literal.2
                0x2000778c       0x10 ./X-CUBE-AI/App/network.o
 .data._model_actor_mlp_actor_mlp_4_Gemm_output_0_weights
                0x2000779c       0x1c ./X-CUBE-AI/App/network.o
 .data.__compound_literal.1
                0x200077b8       0x10 ./X-CUBE-AI/App/network.o
 .data.__compound_literal.0
                0x200077c8       0x10 ./X-CUBE-AI/App/network.o
 .data.mus_bias_array
                0x200077d8       0x10 ./X-CUBE-AI/App/network.o
 .data.mus_weights_array
                0x200077e8       0x10 ./X-CUBE-AI/App/network.o
 .data._model_actor_mlp_actor_mlp_4_Gemm_output_0_bias_array
                0x200077f8       0x10 ./X-CUBE-AI/App/network.o
 .data._model_actor_mlp_actor_mlp_4_Gemm_output_0_weights_array
                0x20007808       0x10 ./X-CUBE-AI/App/network.o
 .data._model_actor_mlp_actor_mlp_2_Gemm_output_0_bias_array
                0x20007818       0x10 ./X-CUBE-AI/App/network.o
 .data._model_actor_mlp_actor_mlp_2_Gemm_output_0_weights_array
                0x20007828       0x10 ./X-CUBE-AI/App/network.o
 .data._model_actor_mlp_actor_mlp_0_Gemm_output_0_bias_array
                0x20007838       0x10 ./X-CUBE-AI/App/network.o
 .data._model_actor_mlp_actor_mlp_0_Gemm_output_0_weights_array
                0x20007848       0x10 ./X-CUBE-AI/App/network.o
 .data.mus_output_array
                0x20007858       0x10 ./X-CUBE-AI/App/network.o
 .data._model_actor_mlp_actor_mlp_5_Elu_output_0_output_array
                0x20007868       0x10 ./X-CUBE-AI/App/network.o
 .data._model_actor_mlp_actor_mlp_4_Gemm_output_0_output_array
                0x20007878       0x10 ./X-CUBE-AI/App/network.o
 .data._model_actor_mlp_actor_mlp_3_Elu_output_0_output_array
                0x20007888       0x10 ./X-CUBE-AI/App/network.o
 .data._model_actor_mlp_actor_mlp_2_Gemm_output_0_output_array
                0x20007898       0x10 ./X-CUBE-AI/App/network.o
 .data._model_actor_mlp_actor_mlp_1_Elu_output_0_output_array
                0x200078a8       0x10 ./X-CUBE-AI/App/network.o
 .data._model_actor_mlp_actor_mlp_0_Gemm_output_0_output_array
                0x200078b8       0x10 ./X-CUBE-AI/App/network.o
 .data.observations_output_array
                0x200078c8       0x10 ./X-CUBE-AI/App/network.o
 .data.g_network_data_map_weights
                0x200078d8       0x1c ./X-CUBE-AI/App/network_data.o
                0x200078d8                g_network_data_map_weights
 .data.__compound_literal.1
                0x200078f4       0x10 ./X-CUBE-AI/App/network_data.o
 .data.g_network_data_map_activations
                0x20007904       0x1c ./X-CUBE-AI/App/network_data.o
                0x20007904                g_network_data_map_activations
 .data.__compound_literal.0
                0x20007920       0x10 ./X-CUBE-AI/App/network_data.o
 .data._impure_ptr
                0x20007930        0x4 C:/ST/STM32CubeIDE_1.15.1/STM32CubeIDE/plugins/com.st.stm32cube.ide.mcu.externaltools.gnu-tools-for-stm32.12.3.rel1.win32_1.0.100.202403111256/tools/bin/../lib/gcc/arm-none-eabi/12.3.1/../../../../arm-none-eabi/lib/thumb/v7e-m+fp/hard\libc_nano.a(libc_a-impure.o)
                0x20007930                _impure_ptr
 .data._impure_data
                0x20007934       0x4c C:/ST/STM32CubeIDE_1.15.1/STM32CubeIDE/plugins/com.st.stm32cube.ide.mcu.externaltools.gnu-tools-for-stm32.12.3.rel1.win32_1.0.100.202403111256/tools/bin/../lib/gcc/arm-none-eabi/12.3.1/../../../../arm-none-eabi/lib/thumb/v7e-m+fp/hard\libc_nano.a(libc_a-impure.o)
                0x20007934                _impure_data
 *(.RamFunc)
 *(.RamFunc*)
                0x20007980                        . = ALIGN (0x4)
                0x20007980                        _edata = .

.igot.plt       0x20007980        0x0 load address 0x0803e0e0
 .igot.plt      0x20007980        0x0 C:/ST/STM32CubeIDE_1.15.1/STM32CubeIDE/plugins/com.st.stm32cube.ide.mcu.externaltools.gnu-tools-for-stm32.12.3.rel1.win32_1.0.100.202403111256/tools/bin/../lib/gcc/arm-none-eabi/12.3.1/thumb/v7e-m+fp/hard/crtbegin.o
                0x20007980                        . = ALIGN (0x4)

.bss            0x20007980      0xa70 load address 0x0803e0e0
                0x20007980                        _sbss = .
                0x20007980                        __bss_start__ = _sbss
 *(.bss)
 .bss           0x20007980       0x1c C:/ST/STM32CubeIDE_1.15.1/STM32CubeIDE/plugins/com.st.stm32cube.ide.mcu.externaltools.gnu-tools-for-stm32.12.3.rel1.win32_1.0.100.202403111256/tools/bin/../lib/gcc/arm-none-eabi/12.3.1/thumb/v7e-m+fp/hard/crtbegin.o
 *(.bss*)
 .bss.ai_output
                0x2000799c        0x4 ./Core/Src/main.o
 .bss.ai_input  0x200079a0        0x4 ./Core/Src/main.o
 *fill*         0x200079a4       0x1c 
 .bss.out_data  0x200079c0       0x20 ./Core/Src/main.o
 .bss.in_data   0x200079e0       0x90 ./Core/Src/main.o
 *fill*         0x20007a70       0x10 
 .bss.activations
                0x20007a80      0x600 ./Core/Src/main.o
 .bss.network   0x20008080        0x4 ./Core/Src/main.o
 .bss.currentTargets
                0x20008084       0x20 ./Core/Src/main.o
 .bss.servoTargets
                0x200080a4       0x20 ./Core/Src/main.o
 .bss.nybbleStartingPosition
                0x200080c4       0x20 ./Core/Src/main.o
                0x200080c4                nybbleStartingPosition
 .bss.htim3     0x200080e4       0x4c ./Core/Src/main.o
                0x200080e4                htim3
 .bss.htim2     0x20008130       0x4c ./Core/Src/main.o
                0x20008130                htim2
 .bss.htim1     0x2000817c       0x4c ./Core/Src/main.o
                0x2000817c                htim1
 .bss.hi2c1     0x200081c8       0x54 ./Core/Src/main.o
                0x200081c8                hi2c1
 .bss.uwTick    0x2000821c        0x4 ./Drivers/STM32L4xx_HAL_Driver/Src/stm32l4xx_hal.o
                0x2000821c                uwTick
 .bss.__compound_literal.79
                0x20008220        0x8 ./X-CUBE-AI/App/network.o
 .bss.__compound_literal.78
                0x20008228       0x10 ./X-CUBE-AI/App/network.o
 .bss.__compound_literal.77
                0x20008238       0x1c ./X-CUBE-AI/App/network.o
 .bss.__compound_literal.74
                0x20008254        0x8 ./X-CUBE-AI/App/network.o
 .bss.__compound_literal.73
                0x2000825c       0x10 ./X-CUBE-AI/App/network.o
 .bss.__compound_literal.72
                0x2000826c       0x1c ./X-CUBE-AI/App/network.o
 .bss.__compound_literal.65
                0x20008288        0x4 ./X-CUBE-AI/App/network.o
 .bss.__compound_literal.60
                0x2000828c        0x4 ./X-CUBE-AI/App/network.o
 .bss.__compound_literal.59
                0x20008290        0x4 ./X-CUBE-AI/App/network.o
 .bss.__compound_literal.55
                0x20008294        0x4 ./X-CUBE-AI/App/network.o
 .bss.__compound_literal.50
                0x20008298        0x4 ./X-CUBE-AI/App/network.o
 .bss.__compound_literal.49
                0x2000829c        0x4 ./X-CUBE-AI/App/network.o
 .bss.__compound_literal.45
                0x200082a0        0x4 ./X-CUBE-AI/App/network.o
 .bss.__compound_literal.40
                0x200082a4        0x4 ./X-CUBE-AI/App/network.o
 .bss.__compound_literal.39
                0x200082a8        0x4 ./X-CUBE-AI/App/network.o
 .bss.__compound_literal.35
                0x200082ac        0x4 ./X-CUBE-AI/App/network.o
 .bss.g_network_weights_map
                0x200082b0        0x4 ./X-CUBE-AI/App/network.o
 .bss.g_network_activations_map
                0x200082b4        0x4 ./X-CUBE-AI/App/network.o
 .bss.__sf      0x200082b8      0x138 C:/ST/STM32CubeIDE_1.15.1/STM32CubeIDE/plugins/com.st.stm32cube.ide.mcu.externaltools.gnu-tools-for-stm32.12.3.rel1.win32_1.0.100.202403111256/tools/bin/../lib/gcc/arm-none-eabi/12.3.1/../../../../arm-none-eabi/lib/thumb/v7e-m+fp/hard\libc_nano.a(libc_a-findfp.o)
                0x200082b8                __sf
 *(COMMON)
                0x200083f0                        . = ALIGN (0x4)
                0x200083f0                        _ebss = .
                0x200083f0                        __bss_end__ = _ebss

._user_heap_stack
                0x200083f0     0x1000 load address 0x0803e0e0
                0x200083f0                        . = ALIGN (0x8)
                [!provide]                        PROVIDE (end = .)
                0x200083f0                        PROVIDE (_end = .)
                0x20008bf0                        . = (. + _Min_Heap_Size)
 *fill*         0x200083f0      0x800 
                0x200093f0                        . = (. + _Min_Stack_Size)
 *fill*         0x20008bf0      0x800 
                0x200093f0                        . = ALIGN (0x8)

/DISCARD/
 libc.a(*)
 libm.a(*)
 libgcc.a(*)

.ARM.attributes
                0x00000000       0x30
 *(.ARM.attributes)
 .ARM.attributes
                0x00000000       0x22 C:/ST/STM32CubeIDE_1.15.1/STM32CubeIDE/plugins/com.st.stm32cube.ide.mcu.externaltools.gnu-tools-for-stm32.12.3.rel1.win32_1.0.100.202403111256/tools/bin/../lib/gcc/arm-none-eabi/12.3.1/thumb/v7e-m+fp/hard/crti.o
 .ARM.attributes
                0x00000022       0x34 C:/ST/STM32CubeIDE_1.15.1/STM32CubeIDE/plugins/com.st.stm32cube.ide.mcu.externaltools.gnu-tools-for-stm32.12.3.rel1.win32_1.0.100.202403111256/tools/bin/../lib/gcc/arm-none-eabi/12.3.1/thumb/v7e-m+fp/hard/crtbegin.o
 .ARM.attributes
                0x00000056       0x34 ./Core/Src/main.o
 .ARM.attributes
                0x0000008a       0x34 ./Core/Src/stm32l4xx_hal_msp.o
 .ARM.attributes
                0x000000be       0x34 ./Core/Src/stm32l4xx_it.o
 .ARM.attributes
                0x000000f2       0x34 ./Core/Src/system_stm32l4xx.o
 .ARM.attributes
                0x00000126       0x21 ./Core/Startup/startup_stm32l476rgtx.o
 .ARM.attributes
                0x00000147       0x34 ./Drivers/STM32L4xx_HAL_Driver/Src/stm32l4xx_hal.o
 .ARM.attributes
                0x0000017b       0x34 ./Drivers/STM32L4xx_HAL_Driver/Src/stm32l4xx_hal_cortex.o
 .ARM.attributes
                0x000001af       0x34 ./Drivers/STM32L4xx_HAL_Driver/Src/stm32l4xx_hal_gpio.o
 .ARM.attributes
                0x000001e3       0x34 ./Drivers/STM32L4xx_HAL_Driver/Src/stm32l4xx_hal_i2c.o
 .ARM.attributes
                0x00000217       0x34 ./Drivers/STM32L4xx_HAL_Driver/Src/stm32l4xx_hal_i2c_ex.o
 .ARM.attributes
                0x0000024b       0x34 ./Drivers/STM32L4xx_HAL_Driver/Src/stm32l4xx_hal_pwr_ex.o
 .ARM.attributes
                0x0000027f       0x34 ./Drivers/STM32L4xx_HAL_Driver/Src/stm32l4xx_hal_rcc.o
 .ARM.attributes
                0x000002b3       0x34 ./Drivers/STM32L4xx_HAL_Driver/Src/stm32l4xx_hal_rcc_ex.o
 .ARM.attributes
                0x000002e7       0x34 ./Drivers/STM32L4xx_HAL_Driver/Src/stm32l4xx_hal_tim.o
 .ARM.attributes
                0x0000031b       0x34 ./Drivers/STM32L4xx_HAL_Driver/Src/stm32l4xx_hal_tim_ex.o
 .ARM.attributes
                0x0000034f       0x34 ./X-CUBE-AI/App/app_x-cube-ai.o
 .ARM.attributes
                0x00000383       0x34 ./X-CUBE-AI/App/network.o
 .ARM.attributes
                0x000003b7       0x34 ./X-CUBE-AI/App/network_data.o
 .ARM.attributes
                0x000003eb       0x34 ./X-CUBE-AI/App/network_data_params.o
 .ARM.attributes
                0x0000041f       0x30 ../Middlewares/ST/AI/Lib\NetworkRuntime900_CM4_GCC.a(ai_platform.o)
 .ARM.attributes
                0x0000044f       0x30 ../Middlewares/ST/AI/Lib\NetworkRuntime900_CM4_GCC.a(ai_platform_interface.o)
 .ARM.attributes
                0x0000047f       0x30 ../Middlewares/ST/AI/Lib\NetworkRuntime900_CM4_GCC.a(core_common.o)
 .ARM.attributes
                0x000004af       0x30 ../Middlewares/ST/AI/Lib\NetworkRuntime900_CM4_GCC.a(layers.o)
 .ARM.attributes
                0x000004df       0x30 ../Middlewares/ST/AI/Lib\NetworkRuntime900_CM4_GCC.a(layers_conv2d_generic_float.o)
 .ARM.attributes
                0x0000050f       0x30 ../Middlewares/ST/AI/Lib\NetworkRuntime900_CM4_GCC.a(layers_nl_generic_float.o)
 .ARM.attributes
                0x0000053f       0x30 ../Middlewares/ST/AI/Lib\NetworkRuntime900_CM4_GCC.a(lite_dense_if32.o)
 .ARM.attributes
                0x0000056f       0x30 ../Middlewares/ST/AI/Lib\NetworkRuntime900_CM4_GCC.a(st_int8_fill.o)
 .ARM.attributes
                0x0000059f       0x30 ../Middlewares/ST/AI/Lib\NetworkRuntime900_CM4_GCC.a(ai_datatypes_format.o)
 .ARM.attributes
                0x000005cf       0x30 ../Middlewares/ST/AI/Lib\NetworkRuntime900_CM4_GCC.a(ai_datatypes_internal.o)
 .ARM.attributes
                0x000005ff       0x34 C:/ST/STM32CubeIDE_1.15.1/STM32CubeIDE/plugins/com.st.stm32cube.ide.mcu.externaltools.gnu-tools-for-stm32.12.3.rel1.win32_1.0.100.202403111256/tools/bin/../lib/gcc/arm-none-eabi/12.3.1/../../../../arm-none-eabi/lib/thumb/v7e-m+fp/hard\libc_nano.a(libc_a-findfp.o)
 .ARM.attributes
                0x00000633       0x34 C:/ST/STM32CubeIDE_1.15.1/STM32CubeIDE/plugins/com.st.stm32cube.ide.mcu.externaltools.gnu-tools-for-stm32.12.3.rel1.win32_1.0.100.202403111256/tools/bin/../lib/gcc/arm-none-eabi/12.3.1/../../../../arm-none-eabi/lib/thumb/v7e-m+fp/hard\libc_nano.a(libc_a-memset.o)
 .ARM.attributes
                0x00000667       0x34 C:/ST/STM32CubeIDE_1.15.1/STM32CubeIDE/plugins/com.st.stm32cube.ide.mcu.externaltools.gnu-tools-for-stm32.12.3.rel1.win32_1.0.100.202403111256/tools/bin/../lib/gcc/arm-none-eabi/12.3.1/../../../../arm-none-eabi/lib/thumb/v7e-m+fp/hard\libc_nano.a(libc_a-impure.o)
 .ARM.attributes
                0x0000069b       0x34 C:/ST/STM32CubeIDE_1.15.1/STM32CubeIDE/plugins/com.st.stm32cube.ide.mcu.externaltools.gnu-tools-for-stm32.12.3.rel1.win32_1.0.100.202403111256/tools/bin/../lib/gcc/arm-none-eabi/12.3.1/../../../../arm-none-eabi/lib/thumb/v7e-m+fp/hard\libc_nano.a(libc_a-errno.o)
 .ARM.attributes
                0x000006cf       0x34 C:/ST/STM32CubeIDE_1.15.1/STM32CubeIDE/plugins/com.st.stm32cube.ide.mcu.externaltools.gnu-tools-for-stm32.12.3.rel1.win32_1.0.100.202403111256/tools/bin/../lib/gcc/arm-none-eabi/12.3.1/../../../../arm-none-eabi/lib/thumb/v7e-m+fp/hard\libc_nano.a(libc_a-init.o)
 .ARM.attributes
                0x00000703       0x34 C:/ST/STM32CubeIDE_1.15.1/STM32CubeIDE/plugins/com.st.stm32cube.ide.mcu.externaltools.gnu-tools-for-stm32.12.3.rel1.win32_1.0.100.202403111256/tools/bin/../lib/gcc/arm-none-eabi/12.3.1/../../../../arm-none-eabi/lib/thumb/v7e-m+fp/hard\libc_nano.a(libc_a-memcpy-stub.o)
 .ARM.attributes
                0x00000737       0x34 C:/ST/STM32CubeIDE_1.15.1/STM32CubeIDE/plugins/com.st.stm32cube.ide.mcu.externaltools.gnu-tools-for-stm32.12.3.rel1.win32_1.0.100.202403111256/tools/bin/../lib/gcc/arm-none-eabi/12.3.1/../../../../arm-none-eabi/lib/thumb/v7e-m+fp/hard\libm.a(libm_a-wf_exp.o)
 .ARM.attributes
                0x0000076b       0x34 C:/ST/STM32CubeIDE_1.15.1/STM32CubeIDE/plugins/com.st.stm32cube.ide.mcu.externaltools.gnu-tools-for-stm32.12.3.rel1.win32_1.0.100.202403111256/tools/bin/../lib/gcc/arm-none-eabi/12.3.1/../../../../arm-none-eabi/lib/thumb/v7e-m+fp/hard\libm.a(libm_a-sf_finite.o)
 .ARM.attributes
                0x0000079f       0x34 C:/ST/STM32CubeIDE_1.15.1/STM32CubeIDE/plugins/com.st.stm32cube.ide.mcu.externaltools.gnu-tools-for-stm32.12.3.rel1.win32_1.0.100.202403111256/tools/bin/../lib/gcc/arm-none-eabi/12.3.1/../../../../arm-none-eabi/lib/thumb/v7e-m+fp/hard\libm.a(libm_a-math_errf.o)
 .ARM.attributes
                0x000007d3       0x34 C:/ST/STM32CubeIDE_1.15.1/STM32CubeIDE/plugins/com.st.stm32cube.ide.mcu.externaltools.gnu-tools-for-stm32.12.3.rel1.win32_1.0.100.202403111256/tools/bin/../lib/gcc/arm-none-eabi/12.3.1/../../../../arm-none-eabi/lib/thumb/v7e-m+fp/hard\libm.a(libm_a-ef_exp.o)
 .ARM.attributes
                0x00000807       0x22 C:/ST/STM32CubeIDE_1.15.1/STM32CubeIDE/plugins/com.st.stm32cube.ide.mcu.externaltools.gnu-tools-for-stm32.12.3.rel1.win32_1.0.100.202403111256/tools/bin/../lib/gcc/arm-none-eabi/12.3.1/thumb/v7e-m+fp/hard/crtn.o
OUTPUT(Nybble.elf elf32-littlearm)
LOAD linker stubs
LOAD C:/ST/STM32CubeIDE_1.15.1/STM32CubeIDE/plugins/com.st.stm32cube.ide.mcu.externaltools.gnu-tools-for-stm32.12.3.rel1.win32_1.0.100.202403111256/tools/bin/../lib/gcc/arm-none-eabi/12.3.1/../../../../arm-none-eabi/lib/thumb/v7e-m+fp/hard\libc.a
LOAD C:/ST/STM32CubeIDE_1.15.1/STM32CubeIDE/plugins/com.st.stm32cube.ide.mcu.externaltools.gnu-tools-for-stm32.12.3.rel1.win32_1.0.100.202403111256/tools/bin/../lib/gcc/arm-none-eabi/12.3.1/../../../../arm-none-eabi/lib/thumb/v7e-m+fp/hard\libm.a
LOAD C:/ST/STM32CubeIDE_1.15.1/STM32CubeIDE/plugins/com.st.stm32cube.ide.mcu.externaltools.gnu-tools-for-stm32.12.3.rel1.win32_1.0.100.202403111256/tools/bin/../lib/gcc/arm-none-eabi/12.3.1/thumb/v7e-m+fp/hard\libgcc.a

.debug_info     0x00000000    0x161ec
 .debug_info    0x00000000     0x260a ./Core/Src/main.o
 .debug_info    0x0000260a     0x1710 ./Core/Src/stm32l4xx_hal_msp.o
 .debug_info    0x00003d1a      0x121 ./Core/Src/stm32l4xx_it.o
 .debug_info    0x00003e3b      0x5cf ./Core/Src/system_stm32l4xx.o
 .debug_info    0x0000440a       0x30 ./Core/Startup/startup_stm32l476rgtx.o
 .debug_info    0x0000443a      0xcc8 ./Drivers/STM32L4xx_HAL_Driver/Src/stm32l4xx_hal.o
 .debug_info    0x00005102      0xf81 ./Drivers/STM32L4xx_HAL_Driver/Src/stm32l4xx_hal_cortex.o
 .debug_info    0x00006083      0x78d ./Drivers/STM32L4xx_HAL_Driver/Src/stm32l4xx_hal_gpio.o
 .debug_info    0x00006810     0x41c1 ./Drivers/STM32L4xx_HAL_Driver/Src/stm32l4xx_hal_i2c.o
 .debug_info    0x0000a9d1      0x9a2 ./Drivers/STM32L4xx_HAL_Driver/Src/stm32l4xx_hal_i2c_ex.o
 .debug_info    0x0000b373      0xa50 ./Drivers/STM32L4xx_HAL_Driver/Src/stm32l4xx_hal_pwr_ex.o
 .debug_info    0x0000bdc3      0xe89 ./Drivers/STM32L4xx_HAL_Driver/Src/stm32l4xx_hal_rcc.o
 .debug_info    0x0000cc4c     0x11ef ./Drivers/STM32L4xx_HAL_Driver/Src/stm32l4xx_hal_rcc_ex.o
 .debug_info    0x0000de3b     0x3cb9 ./Drivers/STM32L4xx_HAL_Driver/Src/stm32l4xx_hal_tim.o
 .debug_info    0x00011af4     0x1cd0 ./Drivers/STM32L4xx_HAL_Driver/Src/stm32l4xx_hal_tim_ex.o
 .debug_info    0x000137c4      0x40c ./X-CUBE-AI/App/app_x-cube-ai.o
 .debug_info    0x00013bd0     0x1e98 ./X-CUBE-AI/App/network.o
 .debug_info    0x00015a68      0x633 ./X-CUBE-AI/App/network_data.o
 .debug_info    0x0001609b      0x151 ./X-CUBE-AI/App/network_data_params.o

.debug_abbrev   0x00000000     0x2882
 .debug_abbrev  0x00000000      0x3aa ./Core/Src/main.o
 .debug_abbrev  0x000003aa      0x27a ./Core/Src/stm32l4xx_hal_msp.o
 .debug_abbrev  0x00000624       0x7e ./Core/Src/stm32l4xx_it.o
 .debug_abbrev  0x000006a2      0x120 ./Core/Src/system_stm32l4xx.o
 .debug_abbrev  0x000007c2       0x24 ./Core/Startup/startup_stm32l476rgtx.o
 .debug_abbrev  0x000007e6      0x26a ./Drivers/STM32L4xx_HAL_Driver/Src/stm32l4xx_hal.o
 .debug_abbrev  0x00000a50      0x39d ./Drivers/STM32L4xx_HAL_Driver/Src/stm32l4xx_hal_cortex.o
 .debug_abbrev  0x00000ded      0x1fb ./Drivers/STM32L4xx_HAL_Driver/Src/stm32l4xx_hal_gpio.o
 .debug_abbrev  0x00000fe8      0x29c ./Drivers/STM32L4xx_HAL_Driver/Src/stm32l4xx_hal_i2c.o
 .debug_abbrev  0x00001284      0x1c9 ./Drivers/STM32L4xx_HAL_Driver/Src/stm32l4xx_hal_i2c_ex.o
 .debug_abbrev  0x0000144d      0x217 ./Drivers/STM32L4xx_HAL_Driver/Src/stm32l4xx_hal_pwr_ex.o
 .debug_abbrev  0x00001664      0x2ad ./Drivers/STM32L4xx_HAL_Driver/Src/stm32l4xx_hal_rcc.o
 .debug_abbrev  0x00001911      0x2ad ./Drivers/STM32L4xx_HAL_Driver/Src/stm32l4xx_hal_rcc_ex.o
 .debug_abbrev  0x00001bbe      0x273 ./Drivers/STM32L4xx_HAL_Driver/Src/stm32l4xx_hal_tim.o
 .debug_abbrev  0x00001e31      0x271 ./Drivers/STM32L4xx_HAL_Driver/Src/stm32l4xx_hal_tim_ex.o
 .debug_abbrev  0x000020a2      0x16b ./X-CUBE-AI/App/app_x-cube-ai.o
 .debug_abbrev  0x0000220d      0x3af ./X-CUBE-AI/App/network.o
 .debug_abbrev  0x000025bc      0x20d ./X-CUBE-AI/App/network_data.o
 .debug_abbrev  0x000027c9       0xb9 ./X-CUBE-AI/App/network_data_params.o

.debug_loclists
                0x00000000     0xae91
 .debug_loclists
                0x00000000      0x1c3 ./Core/Src/main.o
 .debug_loclists
                0x000001c3       0xf7 ./Core/Src/stm32l4xx_hal_msp.o
 .debug_loclists
                0x000002ba       0xb5 ./Core/Src/system_stm32l4xx.o
 .debug_loclists
                0x0000036f      0x12f ./Drivers/STM32L4xx_HAL_Driver/Src/stm32l4xx_hal.o
 .debug_loclists
                0x0000049e      0x439 ./Drivers/STM32L4xx_HAL_Driver/Src/stm32l4xx_hal_cortex.o
 .debug_loclists
                0x000008d7      0x277 ./Drivers/STM32L4xx_HAL_Driver/Src/stm32l4xx_hal_gpio.o
 .debug_loclists
                0x00000b4e     0x32fe ./Drivers/STM32L4xx_HAL_Driver/Src/stm32l4xx_hal_i2c.o
 .debug_loclists
                0x00003e4c      0x11d ./Drivers/STM32L4xx_HAL_Driver/Src/stm32l4xx_hal_i2c_ex.o
 .debug_loclists
                0x00003f69      0x593 ./Drivers/STM32L4xx_HAL_Driver/Src/stm32l4xx_hal_pwr_ex.o
 .debug_loclists
                0x000044fc      0x534 ./Drivers/STM32L4xx_HAL_Driver/Src/stm32l4xx_hal_rcc.o
 .debug_loclists
                0x00004a30     0x11ec ./Drivers/STM32L4xx_HAL_Driver/Src/stm32l4xx_hal_rcc_ex.o
 .debug_loclists
                0x00005c1c     0x3662 ./Drivers/STM32L4xx_HAL_Driver/Src/stm32l4xx_hal_tim.o
 .debug_loclists
                0x0000927e     0x1784 ./Drivers/STM32L4xx_HAL_Driver/Src/stm32l4xx_hal_tim_ex.o
 .debug_loclists
                0x0000aa02       0x3a ./X-CUBE-AI/App/app_x-cube-ai.o
 .debug_loclists
                0x0000aa3c      0x3c4 ./X-CUBE-AI/App/network.o
 .debug_loclists
                0x0000ae00       0x91 ./X-CUBE-AI/App/network_data.o

.debug_aranges  0x00000000     0x1008
 .debug_aranges
                0x00000000       0x98 ./Core/Src/main.o
 .debug_aranges
                0x00000098       0x58 ./Core/Src/stm32l4xx_hal_msp.o
 .debug_aranges
                0x000000f0       0x60 ./Core/Src/stm32l4xx_it.o
 .debug_aranges
                0x00000150       0x28 ./Core/Src/system_stm32l4xx.o
 .debug_aranges
                0x00000178       0x28 ./Core/Startup/startup_stm32l476rgtx.o
 .debug_aranges
                0x000001a0      0x130 ./Drivers/STM32L4xx_HAL_Driver/Src/stm32l4xx_hal.o
 .debug_aranges
                0x000002d0       0xe0 ./Drivers/STM32L4xx_HAL_Driver/Src/stm32l4xx_hal_cortex.o
 .debug_aranges
                0x000003b0       0x58 ./Drivers/STM32L4xx_HAL_Driver/Src/stm32l4xx_hal_gpio.o
 .debug_aranges
                0x00000408      0x2a0 ./Drivers/STM32L4xx_HAL_Driver/Src/stm32l4xx_hal_i2c.o
 .debug_aranges
                0x000006a8       0x48 ./Drivers/STM32L4xx_HAL_Driver/Src/stm32l4xx_hal_i2c_ex.o
 .debug_aranges
                0x000006f0      0x160 ./Drivers/STM32L4xx_HAL_Driver/Src/stm32l4xx_hal_pwr_ex.o
 .debug_aranges
                0x00000850       0x90 ./Drivers/STM32L4xx_HAL_Driver/Src/stm32l4xx_hal_rcc.o
 .debug_aranges
                0x000008e0       0xc0 ./Drivers/STM32L4xx_HAL_Driver/Src/stm32l4xx_hal_rcc_ex.o
 .debug_aranges
                0x000009a0      0x3e0 ./Drivers/STM32L4xx_HAL_Driver/Src/stm32l4xx_hal_tim.o
 .debug_aranges
                0x00000d80      0x180 ./Drivers/STM32L4xx_HAL_Driver/Src/stm32l4xx_hal_tim_ex.o
 .debug_aranges
                0x00000f00       0x38 ./X-CUBE-AI/App/app_x-cube-ai.o
 .debug_aranges
                0x00000f38       0x80 ./X-CUBE-AI/App/network.o
 .debug_aranges
                0x00000fb8       0x38 ./X-CUBE-AI/App/network_data.o
 .debug_aranges
                0x00000ff0       0x18 ./X-CUBE-AI/App/network_data_params.o

.debug_rnglists
                0x00000000      0xc80
 .debug_rnglists
                0x00000000       0x98 ./Core/Src/main.o
 .debug_rnglists
                0x00000098       0x40 ./Core/Src/stm32l4xx_hal_msp.o
 .debug_rnglists
                0x000000d8       0x43 ./Core/Src/stm32l4xx_it.o
 .debug_rnglists
                0x0000011b       0x1a ./Core/Src/system_stm32l4xx.o
 .debug_rnglists
                0x00000135       0x19 ./Core/Startup/startup_stm32l476rgtx.o
 .debug_rnglists
                0x0000014e       0xdf ./Drivers/STM32L4xx_HAL_Driver/Src/stm32l4xx_hal.o
 .debug_rnglists
                0x0000022d       0xa3 ./Drivers/STM32L4xx_HAL_Driver/Src/stm32l4xx_hal_cortex.o
 .debug_rnglists
                0x000002d0       0x3f ./Drivers/STM32L4xx_HAL_Driver/Src/stm32l4xx_hal_gpio.o
 .debug_rnglists
                0x0000030f      0x21d ./Drivers/STM32L4xx_HAL_Driver/Src/stm32l4xx_hal_i2c.o
 .debug_rnglists
                0x0000052c       0x31 ./Drivers/STM32L4xx_HAL_Driver/Src/stm32l4xx_hal_i2c_ex.o
 .debug_rnglists
                0x0000055d      0x109 ./Drivers/STM32L4xx_HAL_Driver/Src/stm32l4xx_hal_pwr_ex.o
 .debug_rnglists
                0x00000666       0x7c ./Drivers/STM32L4xx_HAL_Driver/Src/stm32l4xx_hal_rcc.o
 .debug_rnglists
                0x000006e2       0xa3 ./Drivers/STM32L4xx_HAL_Driver/Src/stm32l4xx_hal_rcc_ex.o
 .debug_rnglists
                0x00000785      0x313 ./Drivers/STM32L4xx_HAL_Driver/Src/stm32l4xx_hal_tim.o
 .debug_rnglists
                0x00000a98      0x12f ./Drivers/STM32L4xx_HAL_Driver/Src/stm32l4xx_hal_tim_ex.o
 .debug_rnglists
                0x00000bc7       0x25 ./X-CUBE-AI/App/app_x-cube-ai.o
 .debug_rnglists
                0x00000bec       0x6f ./X-CUBE-AI/App/network.o
 .debug_rnglists
                0x00000c5b       0x25 ./X-CUBE-AI/App/network_data.o

.debug_macro    0x00000000    0x294fa
 .debug_macro   0x00000000      0x4df ./Core/Src/main.o
 .debug_macro   0x000004df      0xab4 ./Core/Src/main.o
 .debug_macro   0x00000f93      0x1ad ./Core/Src/main.o
 .debug_macro   0x00001140       0x2e ./Core/Src/main.o
 .debug_macro   0x0000116e       0x28 ./Core/Src/main.o
 .debug_macro   0x00001196       0x22 ./Core/Src/main.o
 .debug_macro   0x000011b8       0x8e ./Core/Src/main.o
 .debug_macro   0x00001246       0x51 ./Core/Src/main.o
 .debug_macro   0x00001297      0x103 ./Core/Src/main.o
 .debug_macro   0x0000139a       0x6a ./Core/Src/main.o
 .debug_macro   0x00001404      0x1df ./Core/Src/main.o
 .debug_macro   0x000015e3       0x1c ./Core/Src/main.o
 .debug_macro   0x000015ff       0x22 ./Core/Src/main.o
 .debug_macro   0x00001621       0xfb ./Core/Src/main.o
 .debug_macro   0x0000171c     0x1011 ./Core/Src/main.o
 .debug_macro   0x0000272d      0x11f ./Core/Src/main.o
 .debug_macro   0x0000284c    0x1a17a ./Core/Src/main.o
 .debug_macro   0x0001c9c6       0x6d ./Core/Src/main.o
 .debug_macro   0x0001ca33     0x38e6 ./Core/Src/main.o
 .debug_macro   0x00020319      0x189 ./Core/Src/main.o
 .debug_macro   0x000204a2       0x5c ./Core/Src/main.o
 .debug_macro   0x000204fe     0x159e ./Core/Src/main.o
 .debug_macro   0x00021a9c      0x5a5 ./Core/Src/main.o
 .debug_macro   0x00022041      0x1b9 ./Core/Src/main.o
 .debug_macro   0x000221fa      0x18b ./Core/Src/main.o
 .debug_macro   0x00022385      0x26b ./Core/Src/main.o
 .debug_macro   0x000225f0      0x23d ./Core/Src/main.o
 .debug_macro   0x0002282d      0x241 ./Core/Src/main.o
 .debug_macro   0x00022a6e      0x37c ./Core/Src/main.o
 .debug_macro   0x00022dea       0xd6 ./Core/Src/main.o
 .debug_macro   0x00022ec0      0x22c ./Core/Src/main.o
 .debug_macro   0x000230ec       0x61 ./Core/Src/main.o
 .debug_macro   0x0002314d       0xa5 ./Core/Src/main.o
 .debug_macro   0x000231f2      0x122 ./Core/Src/main.o
 .debug_macro   0x00023314      0x3ef ./Core/Src/main.o
 .debug_macro   0x00023703      0xa98 ./Core/Src/main.o
 .debug_macro   0x0002419b      0x1e6 ./Core/Src/main.o
 .debug_macro   0x00024381      0x5cf ./Core/Src/main.o
 .debug_macro   0x00024950       0x44 ./Core/Src/main.o
 .debug_macro   0x00024994      0x330 ./Core/Src/main.o
 .debug_macro   0x00024cc4       0x58 ./Core/Src/main.o
 .debug_macro   0x00024d1c       0x61 ./Core/Src/main.o
 .debug_macro   0x00024d7d       0x2a ./Core/Src/main.o
 .debug_macro   0x00024da7       0x43 ./Core/Src/main.o
 .debug_macro   0x00024dea       0x3a ./Core/Src/main.o
 .debug_macro   0x00024e24       0x35 ./Core/Src/main.o
 .debug_macro   0x00024e59      0x460 ./Core/Src/main.o
 .debug_macro   0x000252b9       0x46 ./Core/Src/main.o
 .debug_macro   0x000252ff       0x22 ./Core/Src/main.o
 .debug_macro   0x00025321      0x32e ./Core/Src/main.o
 .debug_macro   0x0002564f       0x16 ./Core/Src/main.o
 .debug_macro   0x00025665       0x43 ./Core/Src/main.o
 .debug_macro   0x000256a8       0x34 ./Core/Src/main.o
 .debug_macro   0x000256dc       0x10 ./Core/Src/main.o
 .debug_macro   0x000256ec       0x58 ./Core/Src/main.o
 .debug_macro   0x00025744       0x8e ./Core/Src/main.o
 .debug_macro   0x000257d2       0x1c ./Core/Src/main.o
 .debug_macro   0x000257ee      0x177 ./Core/Src/main.o
 .debug_macro   0x00025965      0x369 ./Core/Src/main.o
 .debug_macro   0x00025cce      0x19b ./Core/Src/main.o
 .debug_macro   0x00025e69       0x10 ./Core/Src/main.o
 .debug_macro   0x00025e79       0xc7 ./Core/Src/main.o
 .debug_macro   0x00025f40       0x7c ./Core/Src/main.o
 .debug_macro   0x00025fbc       0x94 ./Core/Src/main.o
 .debug_macro   0x00026050       0x4c ./Core/Src/main.o
 .debug_macro   0x0002609c       0x10 ./Core/Src/main.o
 .debug_macro   0x000260ac       0x16 ./Core/Src/main.o
 .debug_macro   0x000260c2       0x20 ./Core/Src/main.o
 .debug_macro   0x000260e2      0x1e8 ./Core/Src/stm32l4xx_hal_msp.o
 .debug_macro   0x000262ca      0x1f2 ./Core/Src/stm32l4xx_it.o
 .debug_macro   0x000264bc      0x1d9 ./Core/Src/system_stm32l4xx.o
 .debug_macro   0x00026695      0x227 ./Drivers/STM32L4xx_HAL_Driver/Src/stm32l4xx_hal.o
 .debug_macro   0x000268bc      0x1d9 ./Drivers/STM32L4xx_HAL_Driver/Src/stm32l4xx_hal_cortex.o
 .debug_macro   0x00026a95      0x1e0 ./Drivers/STM32L4xx_HAL_Driver/Src/stm32l4xx_hal_gpio.o
 .debug_macro   0x00026c75      0x2a5 ./Drivers/STM32L4xx_HAL_Driver/Src/stm32l4xx_hal_i2c.o
 .debug_macro   0x00026f1a      0x1d9 ./Drivers/STM32L4xx_HAL_Driver/Src/stm32l4xx_hal_i2c_ex.o
 .debug_macro   0x000270f3      0x1fd ./Drivers/STM32L4xx_HAL_Driver/Src/stm32l4xx_hal_pwr_ex.o
 .debug_macro   0x000272f0      0x21b ./Drivers/STM32L4xx_HAL_Driver/Src/stm32l4xx_hal_rcc.o
 .debug_macro   0x0002750b      0x20f ./Drivers/STM32L4xx_HAL_Driver/Src/stm32l4xx_hal_rcc_ex.o
 .debug_macro   0x0002771a      0x1da ./Drivers/STM32L4xx_HAL_Driver/Src/stm32l4xx_hal_tim.o
 .debug_macro   0x000278f4      0x1d9 ./Drivers/STM32L4xx_HAL_Driver/Src/stm32l4xx_hal_tim_ex.o
 .debug_macro   0x00027acd      0x3a6 ./X-CUBE-AI/App/app_x-cube-ai.o
 .debug_macro   0x00027e73       0x16 ./X-CUBE-AI/App/app_x-cube-ai.o
 .debug_macro   0x00027e89      0x11c ./X-CUBE-AI/App/app_x-cube-ai.o
 .debug_macro   0x00027fa5       0x94 ./X-CUBE-AI/App/app_x-cube-ai.o
 .debug_macro   0x00028039       0x16 ./X-CUBE-AI/App/app_x-cube-ai.o
 .debug_macro   0x0002804f       0x29 ./X-CUBE-AI/App/app_x-cube-ai.o
 .debug_macro   0x00028078       0x1c ./X-CUBE-AI/App/app_x-cube-ai.o
 .debug_macro   0x00028094       0x10 ./X-CUBE-AI/App/app_x-cube-ai.o
 .debug_macro   0x000280a4       0x1c ./X-CUBE-AI/App/app_x-cube-ai.o
 .debug_macro   0x000280c0       0x16 ./X-CUBE-AI/App/app_x-cube-ai.o
 .debug_macro   0x000280d6      0x146 ./X-CUBE-AI/App/app_x-cube-ai.o
 .debug_macro   0x0002821c       0x10 ./X-CUBE-AI/App/app_x-cube-ai.o
 .debug_macro   0x0002822c       0x4c ./X-CUBE-AI/App/app_x-cube-ai.o
 .debug_macro   0x00028278       0x56 ./X-CUBE-AI/App/app_x-cube-ai.o
 .debug_macro   0x000282ce      0x466 ./X-CUBE-AI/App/network.o
 .debug_macro   0x00028734       0x22 ./X-CUBE-AI/App/network.o
 .debug_macro   0x00028756       0x16 ./X-CUBE-AI/App/network.o
 .debug_macro   0x0002876c       0x10 ./X-CUBE-AI/App/network.o
 .debug_macro   0x0002877c       0x22 ./X-CUBE-AI/App/network.o
 .debug_macro   0x0002879e      0x229 ./X-CUBE-AI/App/network.o
 .debug_macro   0x000289c7       0x2e ./X-CUBE-AI/App/network.o
 .debug_macro   0x000289f5       0xbc ./X-CUBE-AI/App/network.o
 .debug_macro   0x00028ab1      0x1e7 ./X-CUBE-AI/App/network.o
 .debug_macro   0x00028c98      0x1f5 ./X-CUBE-AI/App/network.o
 .debug_macro   0x00028e8d       0x42 ./X-CUBE-AI/App/network.o
 .debug_macro   0x00028ecf       0x34 ./X-CUBE-AI/App/network.o
 .debug_macro   0x00028f03       0xeb ./X-CUBE-AI/App/network.o
 .debug_macro   0x00028fee       0x16 ./X-CUBE-AI/App/network.o
 .debug_macro   0x00029004       0x4d ./X-CUBE-AI/App/network.o
 .debug_macro   0x00029051       0x25 ./X-CUBE-AI/App/network.o
 .debug_macro   0x00029076       0x12 ./X-CUBE-AI/App/network.o
 .debug_macro   0x00029088       0x16 ./X-CUBE-AI/App/network.o
 .debug_macro   0x0002909e       0x7c ./X-CUBE-AI/App/network.o
 .debug_macro   0x0002911a       0x22 ./X-CUBE-AI/App/network.o
 .debug_macro   0x0002913c       0x10 ./X-CUBE-AI/App/network.o
 .debug_macro   0x0002914c       0x11 ./X-CUBE-AI/App/network.o
 .debug_macro   0x0002915d       0x2e ./X-CUBE-AI/App/network.o
 .debug_macro   0x0002918b       0x2e ./X-CUBE-AI/App/network.o
 .debug_macro   0x000291b9      0x20b ./X-CUBE-AI/App/network_data.o
 .debug_macro   0x000293c4       0x46 ./X-CUBE-AI/App/network_data.o
 .debug_macro   0x0002940a       0xf0 ./X-CUBE-AI/App/network_data_params.o

.debug_line     0x00000000    0x1973c
 .debug_line    0x00000000     0x12c4 ./Core/Src/main.o
 .debug_line    0x000012c4      0xac0 ./Core/Src/stm32l4xx_hal_msp.o
 .debug_line    0x00001d84      0x882 ./Core/Src/stm32l4xx_it.o
 .debug_line    0x00002606      0x882 ./Core/Src/system_stm32l4xx.o
 .debug_line    0x00002e88       0x7a ./Core/Startup/startup_stm32l476rgtx.o
 .debug_line    0x00002f02      0xc21 ./Drivers/STM32L4xx_HAL_Driver/Src/stm32l4xx_hal.o
 .debug_line    0x00003b23      0xdbc ./Drivers/STM32L4xx_HAL_Driver/Src/stm32l4xx_hal_cortex.o
 .debug_line    0x000048df      0xcb8 ./Drivers/STM32L4xx_HAL_Driver/Src/stm32l4xx_hal_gpio.o
 .debug_line    0x00005597     0x57cd ./Drivers/STM32L4xx_HAL_Driver/Src/stm32l4xx_hal_i2c.o
 .debug_line    0x0000ad64      0xab2 ./Drivers/STM32L4xx_HAL_Driver/Src/stm32l4xx_hal_i2c_ex.o
 .debug_line    0x0000b816     0x1014 ./Drivers/STM32L4xx_HAL_Driver/Src/stm32l4xx_hal_pwr_ex.o
 .debug_line    0x0000c82a     0x145d ./Drivers/STM32L4xx_HAL_Driver/Src/stm32l4xx_hal_rcc.o
 .debug_line    0x0000dc87     0x1a6e ./Drivers/STM32L4xx_HAL_Driver/Src/stm32l4xx_hal_rcc_ex.o
 .debug_line    0x0000f6f5     0x548a ./Drivers/STM32L4xx_HAL_Driver/Src/stm32l4xx_hal_tim.o
 .debug_line    0x00014b7f     0x2575 ./Drivers/STM32L4xx_HAL_Driver/Src/stm32l4xx_hal_tim_ex.o
 .debug_line    0x000170f4      0xa3b ./X-CUBE-AI/App/app_x-cube-ai.o
 .debug_line    0x00017b2f      0xf4e ./X-CUBE-AI/App/network.o
 .debug_line    0x00018a7d      0x74d ./X-CUBE-AI/App/network_data.o
 .debug_line    0x000191ca      0x572 ./X-CUBE-AI/App/network_data_params.o

.debug_str      0x00000000   0x10202f
 .debug_str     0x00000000    0xf510c ./Core/Src/main.o
                              0xf568f (size before relaxing)
 .debug_str     0x000f510c      0x33c ./Core/Src/stm32l4xx_hal_msp.o
                              0xecf38 (size before relaxing)
 .debug_str     0x000f5448       0xc9 ./Core/Src/stm32l4xx_it.o
                              0xec04a (size before relaxing)
 .debug_str     0x000f5511       0xf2 ./Core/Src/system_stm32l4xx.o
                              0xec0b2 (size before relaxing)
 .debug_str     0x000f5603       0x44 ./Core/Startup/startup_stm32l476rgtx.o
                                 0xa1 (size before relaxing)
 .debug_str     0x000f5647      0xb05 ./Drivers/STM32L4xx_HAL_Driver/Src/stm32l4xx_hal.o
                              0xeccb1 (size before relaxing)
 .debug_str     0x000f614c      0x335 ./Drivers/STM32L4xx_HAL_Driver/Src/stm32l4xx_hal_cortex.o
                              0xec8f9 (size before relaxing)
 .debug_str     0x000f6481      0x128 ./Drivers/STM32L4xx_HAL_Driver/Src/stm32l4xx_hal_gpio.o
                              0xec22b (size before relaxing)
 .debug_str     0x000f65a9      0xddf ./Drivers/STM32L4xx_HAL_Driver/Src/stm32l4xx_hal_i2c.o
                              0xed2c1 (size before relaxing)
 .debug_str     0x000f7388       0xb8 ./Drivers/STM32L4xx_HAL_Driver/Src/stm32l4xx_hal_i2c_ex.o
                              0xec5e9 (size before relaxing)
 .debug_str     0x000f7440      0x4e3 ./Drivers/STM32L4xx_HAL_Driver/Src/stm32l4xx_hal_pwr_ex.o
                              0xec60d (size before relaxing)
 .debug_str     0x000f7923      0x33a ./Drivers/STM32L4xx_HAL_Driver/Src/stm32l4xx_hal_rcc.o
                              0xec6f8 (size before relaxing)
 .debug_str     0x000f7c5d      0x3bf ./Drivers/STM32L4xx_HAL_Driver/Src/stm32l4xx_hal_rcc_ex.o
                              0xec871 (size before relaxing)
 .debug_str     0x000f801c      0xd9d ./Drivers/STM32L4xx_HAL_Driver/Src/stm32l4xx_hal_tim.o
                              0xed3f2 (size before relaxing)
 .debug_str     0x000f8db9      0x57f ./Drivers/STM32L4xx_HAL_Driver/Src/stm32l4xx_hal_tim_ex.o
                              0xecd06 (size before relaxing)
 .debug_str     0x000f9338      0x769 ./X-CUBE-AI/App/app_x-cube-ai.o
                              0xf39c1 (size before relaxing)
 .debug_str     0x000f9aa1     0x8430 ./X-CUBE-AI/App/network.o
                              0x14233 (size before relaxing)
 .debug_str     0x00101ed1      0x11b ./X-CUBE-AI/App/network_data.o
                               0xece4 (size before relaxing)
 .debug_str     0x00101fec       0x43 ./X-CUBE-AI/App/network_data_params.o
                               0x792b (size before relaxing)

.comment        0x00000000       0x86
 .comment       0x00000000       0x43 ./Core/Src/main.o
                                 0x44 (size before relaxing)
 .comment       0x00000043       0x44 ./Core/Src/stm32l4xx_hal_msp.o
 .comment       0x00000043       0x44 ./Core/Src/stm32l4xx_it.o
 .comment       0x00000043       0x44 ./Core/Src/system_stm32l4xx.o
 .comment       0x00000043       0x44 ./Drivers/STM32L4xx_HAL_Driver/Src/stm32l4xx_hal.o
 .comment       0x00000043       0x44 ./Drivers/STM32L4xx_HAL_Driver/Src/stm32l4xx_hal_cortex.o
 .comment       0x00000043       0x44 ./Drivers/STM32L4xx_HAL_Driver/Src/stm32l4xx_hal_gpio.o
 .comment       0x00000043       0x44 ./Drivers/STM32L4xx_HAL_Driver/Src/stm32l4xx_hal_i2c.o
 .comment       0x00000043       0x44 ./Drivers/STM32L4xx_HAL_Driver/Src/stm32l4xx_hal_i2c_ex.o
 .comment       0x00000043       0x44 ./Drivers/STM32L4xx_HAL_Driver/Src/stm32l4xx_hal_pwr_ex.o
 .comment       0x00000043       0x44 ./Drivers/STM32L4xx_HAL_Driver/Src/stm32l4xx_hal_rcc.o
 .comment       0x00000043       0x44 ./Drivers/STM32L4xx_HAL_Driver/Src/stm32l4xx_hal_rcc_ex.o
 .comment       0x00000043       0x44 ./Drivers/STM32L4xx_HAL_Driver/Src/stm32l4xx_hal_tim.o
 .comment       0x00000043       0x44 ./Drivers/STM32L4xx_HAL_Driver/Src/stm32l4xx_hal_tim_ex.o
 .comment       0x00000043       0x44 ./X-CUBE-AI/App/app_x-cube-ai.o
 .comment       0x00000043       0x44 ./X-CUBE-AI/App/network.o
 .comment       0x00000043       0x44 ./X-CUBE-AI/App/network_data.o
 .comment       0x00000043       0x44 ./X-CUBE-AI/App/network_data_params.o
 .comment       0x00000043       0x43 ../Middlewares/ST/AI/Lib\NetworkRuntime900_CM4_GCC.a(ai_platform.o)
                                 0x44 (size before relaxing)
 .comment       0x00000086       0x44 ../Middlewares/ST/AI/Lib\NetworkRuntime900_CM4_GCC.a(ai_platform_interface.o)
 .comment       0x00000086       0x44 ../Middlewares/ST/AI/Lib\NetworkRuntime900_CM4_GCC.a(core_common.o)
 .comment       0x00000086       0x44 ../Middlewares/ST/AI/Lib\NetworkRuntime900_CM4_GCC.a(layers.o)
 .comment       0x00000086       0x44 ../Middlewares/ST/AI/Lib\NetworkRuntime900_CM4_GCC.a(layers_conv2d_generic_float.o)
 .comment       0x00000086       0x44 ../Middlewares/ST/AI/Lib\NetworkRuntime900_CM4_GCC.a(layers_nl_generic_float.o)
 .comment       0x00000086       0x44 ../Middlewares/ST/AI/Lib\NetworkRuntime900_CM4_GCC.a(lite_dense_if32.o)
 .comment       0x00000086       0x44 ../Middlewares/ST/AI/Lib\NetworkRuntime900_CM4_GCC.a(st_int8_fill.o)
 .comment       0x00000086       0x44 ../Middlewares/ST/AI/Lib\NetworkRuntime900_CM4_GCC.a(ai_datatypes_format.o)
 .comment       0x00000086       0x44 ../Middlewares/ST/AI/Lib\NetworkRuntime900_CM4_GCC.a(ai_datatypes_internal.o)

.debug_frame    0x00000000     0x2e20
 .debug_frame   0x00000000      0x1e0 ./Core/Src/main.o
 .debug_frame   0x000001e0       0xf4 ./Core/Src/stm32l4xx_hal_msp.o
 .debug_frame   0x000002d4       0xa8 ./Core/Src/stm32l4xx_it.o
 .debug_frame   0x0000037c       0x30 ./Core/Src/system_stm32l4xx.o
 .debug_frame   0x000003ac      0x274 ./Drivers/STM32L4xx_HAL_Driver/Src/stm32l4xx_hal.o
 .debug_frame   0x00000620      0x1e4 ./Drivers/STM32L4xx_HAL_Driver/Src/stm32l4xx_hal_cortex.o
 .debug_frame   0x00000804       0xd0 ./Drivers/STM32L4xx_HAL_Driver/Src/stm32l4xx_hal_gpio.o
 .debug_frame   0x000008d4      0x984 ./Drivers/STM32L4xx_HAL_Driver/Src/stm32l4xx_hal_i2c.o
 .debug_frame   0x00001258       0x80 ./Drivers/STM32L4xx_HAL_Driver/Src/stm32l4xx_hal_i2c_ex.o
 .debug_frame   0x000012d8      0x2b8 ./Drivers/STM32L4xx_HAL_Driver/Src/stm32l4xx_hal_pwr_ex.o
 .debug_frame   0x00001590      0x19c ./Drivers/STM32L4xx_HAL_Driver/Src/stm32l4xx_hal_rcc.o
 .debug_frame   0x0000172c      0x204 ./Drivers/STM32L4xx_HAL_Driver/Src/stm32l4xx_hal_rcc_ex.o
 .debug_frame   0x00001930      0xb54 ./Drivers/STM32L4xx_HAL_Driver/Src/stm32l4xx_hal_tim.o
 .debug_frame   0x00002484      0x470 ./Drivers/STM32L4xx_HAL_Driver/Src/stm32l4xx_hal_tim_ex.o
 .debug_frame   0x000028f4       0x50 ./X-CUBE-AI/App/app_x-cube-ai.o
 .debug_frame   0x00002944      0x180 ./X-CUBE-AI/App/network.o
 .debug_frame   0x00002ac4       0x80 ./X-CUBE-AI/App/network_data.o
 .debug_frame   0x00002b44      0x144 C:/ST/STM32CubeIDE_1.15.1/STM32CubeIDE/plugins/com.st.stm32cube.ide.mcu.externaltools.gnu-tools-for-stm32.12.3.rel1.win32_1.0.100.202403111256/tools/bin/../lib/gcc/arm-none-eabi/12.3.1/../../../../arm-none-eabi/lib/thumb/v7e-m+fp/hard\libc_nano.a(libc_a-findfp.o)
 .debug_frame   0x00002c88       0x20 C:/ST/STM32CubeIDE_1.15.1/STM32CubeIDE/plugins/com.st.stm32cube.ide.mcu.externaltools.gnu-tools-for-stm32.12.3.rel1.win32_1.0.100.202403111256/tools/bin/../lib/gcc/arm-none-eabi/12.3.1/../../../../arm-none-eabi/lib/thumb/v7e-m+fp/hard\libc_nano.a(libc_a-memset.o)
 .debug_frame   0x00002ca8       0x20 C:/ST/STM32CubeIDE_1.15.1/STM32CubeIDE/plugins/com.st.stm32cube.ide.mcu.externaltools.gnu-tools-for-stm32.12.3.rel1.win32_1.0.100.202403111256/tools/bin/../lib/gcc/arm-none-eabi/12.3.1/../../../../arm-none-eabi/lib/thumb/v7e-m+fp/hard\libc_nano.a(libc_a-errno.o)
 .debug_frame   0x00002cc8       0x2c C:/ST/STM32CubeIDE_1.15.1/STM32CubeIDE/plugins/com.st.stm32cube.ide.mcu.externaltools.gnu-tools-for-stm32.12.3.rel1.win32_1.0.100.202403111256/tools/bin/../lib/gcc/arm-none-eabi/12.3.1/../../../../arm-none-eabi/lib/thumb/v7e-m+fp/hard\libc_nano.a(libc_a-init.o)